[external.html]
[backblue.gif]
[fade.gif]
[index.html]
[www.ecomhubtheme.com/cdn/shop/files/BARE_LOGOef3c.png]
[www.ecomhubtheme.com/cdn/shop/files/Untitled_design_465_c4f020e2-aac6-44ed-a03a-541fded957f1b139.png]
[www.ecomhubtheme.com/.well-known/ucp.json]
[www.ecomhubtheme.com/cdn/shop/files/121232323050b6d.png]
[cdn.shopify.com/extensions/01a0900d-dba9-7f99-9fcd-ce9bd54595ee/beast-currency-converter-63/assets/currency-flags.png]
[cdn.shopify.com/extensions/01a0900d-dba9-7f99-9fcd-ce9bd54595ee/beast-currency-converter-63/assets/currency-flags-small.png]
[www.ecomhubtheme.com/cdn/shop/files/1_b01adf52-299f-4d09-afc2-35a69b11aa0079d6.png]
[www.ecomhubtheme.com/cdn/shop/files/1_d6252691-b528-4988-ab49-8f322f465031089d.png]
[www.ecomhubtheme.com/cdn/shop/files/Untitled_design_465a481.png]
[www.ecomhubtheme.com/cdn/shop/files/Untitled_design_4651462.png]
[www.ecomhubtheme.com/cdn/shop/files/Untitled_design_465b298.png]
[www.ecomhubtheme.com/cdn/shop/files/Untitled_design_465261e.png]
[www.ecomhubtheme.com/cdn/shop/files/ChatGPT_Image_Sep_13_2026_05_48_47_PM7040.png]
[www.ecomhubtheme.com/cdn/shop/files/ChatGPT_Image_Sep_13_2026_05_48_47_PM8231.png]
[www.ecomhubtheme.com/cdn/shop/files/ChatGPT_Image_Sep_13_2026_05_48_47_PMd68b.png]
[www.ecomhubtheme.com/cdn/shop/files/Copy_of_Copy_of_Untitled_Design_24d50c.png]
[www.ecomhubtheme.com/cdn/shop/files/Copy_of_Copy_of_Untitled_Design_24f1db.png]
[www.ecomhubtheme.com/cdn/shop/files/Copy_of_Copy_of_Untitled_Design_246c4a.png]
[www.ecomhubtheme.com/cdn/shop/files/Copy_of_Copy_of_Untitled_Design_24b958.png]
[www.ecomhubtheme.com/cdn/shop/files/Copy_of_Copy_of_Untitled_Design_2483a6.png]
[www.ecomhubtheme.com/cdn/shop/files/Copy_of_Copy_of_Untitled_Design_240979.png]
[www.ecomhubtheme.com/cdn/shop/files/Copy_of_Copy_of_Untitled_Design_246e59.png]
[www.ecomhubtheme.com/cdn/shop/files/Copy_of_Copy_of_Untitled_Design_242d67.png]
[www.ecomhubtheme.com/cdn/shop/files/Copy_of_Copy_of_Untitled_Design_246e42.png]
[www.ecomhubtheme.com/cdn/shop/files/Copy_of_Copy_of_Built_to_convert._Designed_to_scale._4791b.png]
[www.ecomhubtheme.com/cdn/shop/files/Copy_of_Copy_of_Built_to_convert._Designed_to_scale._4a759.png]
[www.ecomhubtheme.com/cdn/shop/files/Copy_of_Copy_of_Built_to_convert._Designed_to_scale._4cbe1.png]
[www.ecomhubtheme.com/cdn/shop/files/Copy_of_Copy_of_Built_to_convert._Designed_to_scale._4bcd1.png]
[www.ecomhubtheme.com/cdn/shop/files/Copy_of_Copy_of_Built_to_convert._Designed_to_scale._48977.png]
[www.ecomhubtheme.com/cdn/shop/files/TIKTOKMARKETINGPARTNER0e5b.png]
[www.ecomhubtheme.com/cdn/shop/files/shopifybusinesspartner3218.png]
[www.ecomhubtheme.com/cdn/shop/files/metabusinessparenete04f.png]
[www.ecomhubtheme.com/cdn/shop/files/jkjkh5b09.jpg]
[www.ecomhubtheme.com/cdn/shop/files/396330e48dc333c811f81411c474ed66eac2.jpg]
[www.ecomhubtheme.com/cdn/shop/files/fewfwefwef34243eac2.jpg]
[www.ecomhubtheme.com/cdn/shop/files/1_230a2092-9c7f-445c-bd20-208a333197e68f40.png]
[www.ecomhubtheme.com/cdn/shop/files/1_230a2092-9c7f-445c-bd20-208a333197e66664.png]
[www.ecomhubtheme.com/cdn/shop/files/1_230a2092-9c7f-445c-bd20-208a333197e612ef.png]
[www.ecomhubtheme.com/cdn/shop/files/1_230a2092-9c7f-445c-bd20-208a333197e63b21.png]
[www.ecomhubtheme.com/cdn/shop/files/1_230a2092-9c7f-445c-bd20-208a333197e6ce50.png]
[www.ecomhubtheme.com/cdn/shop/files/1_230a2092-9c7f-445c-bd20-208a333197e66d56.png]
[www.ecomhubtheme.com/cdn/shop/files/Copy_of_Copy_of_inside_9_9f6f97c9-1632-49d2-a30e-663cbce04caa1355.png]
[www.ecomhubtheme.com/cdn/shop/files/Copy_of_Copy_of_inside_9_9f6f97c9-1632-49d2-a30e-663cbce04caa8074.png]
[www.ecomhubtheme.com/cdn/shop/files/Copy_of_Copy_of_inside_9_9f6f97c9-1632-49d2-a30e-663cbce04caaec19.png]
[www.ecomhubtheme.com/cdn/shop/files/Copy_of_Copy_of_inside_9_9f6f97c9-1632-49d2-a30e-663cbce04caa229a.png]
[www.ecomhubtheme.com/index.html]
[cdn.shopify.com/storefront/standard-events.js]
[www.ecomhubtheme.com/cdn/shop/t/626/assets/constants6412.js]
[www.ecomhubtheme.com/cdn/shop/t/626/assets/pubsub9875.js]
[www.ecomhubtheme.com/cdn/shop/t/626/assets/global922e.js]
[www.ecomhubtheme.com/cdn/shop/t/626/assets/cart-disclosure-modald9e0.js]
[www.ecomhubtheme.com/cdn/shop/t/626/assets/cart-disclosure-tooltip4e72.js]
[www.ecomhubtheme.com/cdn/shop/t/626/assets/details-disclosuread2b.js]
[www.ecomhubtheme.com/cdn/shop/t/626/assets/details-modalb5b8.js]
[www.ecomhubtheme.com/cdn/shop/t/626/assets/search-form5d4c.js]
[www.ecomhubtheme.com/cdn/shop/t/626/assets/standard-actions-override048b.js]
[www.ecomhubtheme.com/cdn/shop/t/626/assets/animationsb884.js]
[www.ecomhubtheme.com/checkouts/internal/preloadsc494.js]
[shop.app/checkouts/internal/preloadsa380.js]
[cdn.shopify.com/shopifycloud/shop-js/modules/v2/loader.init-shop-cart-sync.en.esm.js]
[cdn.shopify.com/shopifycloud/storefront-forms-hcaptcha/ce_storefront_forms_captcha_hcaptcha.v1.5.3.iife.js]
[www.ecomhubtheme.com/cdn/shopifycloud/storefront/assets/storefront/load_feature-1bd60354.js]
[www.ecomhubtheme.com/cdn/shopifycloud/storefront/assets/shopify_pay/storefront-616277c75501.js]
[www.ecomhubtheme.com/cdn/shopifycloud/portable-wallets/latest/portable-wallets.en.js]
[www.ecomhubtheme.com/cdn/shopifycloud/portable-wallets/latest/accelerated-checkout-backwards-compat.css]
[www.ecomhubtheme.com/cdn/shop/t/626/compiled_assets/scriptsf4fb.js]
[www.ecomhubtheme.com/cdn/shop/t/626/assets/basecd84.css]
[www.ecomhubtheme.com/cdn/shop/t/626/assets/component-cart-items249c.css]
[www.ecomhubtheme.com/cdn/shop/t/626/assets/component-cart-drawer0c3f.css]
[www.ecomhubtheme.com/cdn/shop/t/626/assets/component-price400a.css]
[www.ecomhubtheme.com/cdn/shop/t/626/assets/component-cart4f91.css]
[www.ecomhubtheme.com/cdn/shop/t/626/assets/component-totalse315.css]
[www.ecomhubtheme.com/cdn/shop/t/626/assets/component-discounts2b40.css]
[www.ecomhubtheme.com/cdn/shop/t/626/assets/component-localization-form1d12.css]
[www.ecomhubtheme.com/cdn/shop/t/626/assets/localization-formaf7f.js]
[www.ecomhubtheme.com/cdn/shop/t/626/assets/component-predictive-search5853.css]
[cdn.shopify.com/extensions/01a0900d-dba9-7f99-9fcd-ce9bd54595ee/beast-currency-converter-63/assets/doubly.js]
[www.ecomhubtheme.com/cdn/s/trekkie.storefront.2f6d7d7ede7d24234881a9cd5f47e679642fa1f6.min.js]
[www.ecomhubtheme.com/cdn/shopifycloud/perf-kit/shopify-perf-kit-3.9.4.min.js]
[www.ecomhubtheme.com/cdn/shop/t/626/assets/quantity-popover3002.css]
[www.ecomhubtheme.com/cdn/shop/t/626/assets/component-cardec5d.css]
[www.ecomhubtheme.com/cdn/shop/t/626/assets/carte2ed.js]
[www.ecomhubtheme.com/cdn/shop/t/626/assets/quantity-popoverbfb7.js]
[www.ecomhubtheme.com/cdn/shop/files/12123232305adfc.png]
[www.ecomhubtheme.com/cdn/shop/files/121232323050bf0.png]
[www.ecomhubtheme.com/cdn/shop/files/121232323052bde.png]
[www.ecomhubtheme.com/cdn/shop/files/121232323055d04.png]
[www.ecomhubtheme.com/cdn/shop/files/121232323059049.png]
[www.ecomhubtheme.com/cdn/shop/files/121232323052df8.png]
[www.ecomhubtheme.com/cdn/shop/files/12123232305e178.png]
[www.ecomhubtheme.com/cdn/shop/files/121232323058952.png]
[www.ecomhubtheme.com/cdn/shop/files/8067d1d2025f13847c653598066e0721c77b.jpg]
[www.ecomhubtheme.com/cdn/shop/files/1119421009503959dae3effd82b84175bfb7.jpg]
[www.ecomhubtheme.com/cdn/shop/files/121232323052231.png]
[www.ecomhubtheme.com/cdn/shop/files/12123232305ff54.png]
[www.ecomhubtheme.com/cdn/shop/files/STORESd263.png]
[www.ecomhubtheme.com/cdn/shop/files/1_b01adf52-299f-4d09-afc2-35a69b11aa00f7c6.png]
[www.ecomhubtheme.com/cdn/shop/files/1_d6252691-b528-4988-ab49-8f322f465031a87a.png]
[www.ecomhubtheme.com/cdn/shop/files/Untitled_design_46969e4.png]
[www.ecomhubtheme.com/cdn/shop/files/cb7ff1721a2cb64b14d1633f8d0b4cdb681f.jpg]
[www.ecomhubtheme.com/cdn/shop/files/84f1d52c98177ebc4e861eda5678d2177f3b.jpg]
[www.ecomhubtheme.com/cdn/shop/files/7322e267d7716f38f6792b885d5e0061681f.jpg]
[www.ecomhubtheme.com/cdn/shop/files/81d8dd018b0719557b08d5065c395f537f3b.jpg]
[www.ecomhubtheme.com/cdn/shop/files/92978cc7dc6c0bc4eb3261dd465b3b2c7f3b.jpg]
[www.ecomhubtheme.com/cdn/shop/files/preview_images/4b1878dd1ffb4d36963324a032bae7a5.thumbnail.0000000000_1500x443a.jpg]
[www.ecomhubtheme.com/cdn/shop/videos/c/vp/4b1878dd1ffb4d36963324a032bae7a5/4b1878dd1ffb4d36963324a032bae7a5.HD-1080p-2.5Mbps-94078823a4f0.mp4]
[www.ecomhubtheme.com/cdn/shop/files/Untitled_design_31_da28d28e-812a-440a-81eb-a6adf7835523f8df.png]
[www.ecomhubtheme.com/cdn/shop/files/Untitled_design_31_da28d28e-812a-440a-81eb-a6adf783552348f7.png]
[www.ecomhubtheme.com/cdn/shop/files/Untitled_design_34_c0865ade-04d2-4bbd-ba04-399ab6d9cfb99b8a.png]
[www.ecomhubtheme.com/cdn/shop/files/Untitled_design_34_c0865ade-04d2-4bbd-ba04-399ab6d9cfb98616.png]
[www.ecomhubtheme.com/cdn/shop/files/Untitled_design_34_c0865ade-04d2-4bbd-ba04-399ab6d9cfb9d601.png]
[www.ecomhubtheme.com/cdn/shop/files/Untitled_design_34_c0865ade-04d2-4bbd-ba04-399ab6d9cfb9ff5a.png]
[www.ecomhubtheme.com/cdn/shop/files/Untitled_design_34_c0865ade-04d2-4bbd-ba04-399ab6d9cfb9c35f.png]
[www.ecomhubtheme.com/cdn/shop/files/Untitled_design_34_c0865ade-04d2-4bbd-ba04-399ab6d9cfb92d56.png]
[www.ecomhubtheme.com/cdn/shop/files/Untitled_design_34_c0865ade-04d2-4bbd-ba04-399ab6d9cfb90e71.png]
[www.ecomhubtheme.com/cdn/shop/files/Untitled_design_34_c0865ade-04d2-4bbd-ba04-399ab6d9cfb961a2.png]
[www.ecomhubtheme.com/cdn/shop/files/Untitled_design_34_c0865ade-04d2-4bbd-ba04-399ab6d9cfb9ebe7.png]
[www.ecomhubtheme.com/cdn/shop/files/Untitled_design_34_c0865ade-04d2-4bbd-ba04-399ab6d9cfb92336.png]
[www.ecomhubtheme.com/cdn/shop/files/Untitled_design_34_c0865ade-04d2-4bbd-ba04-399ab6d9cfb9b3a8.png]
[www.ecomhubtheme.com/cdn/shop/files/Untitled_design_34_c0865ade-04d2-4bbd-ba04-399ab6d9cfb9fc66.png]
[www.ecomhubtheme.com/cdn/shop/files/Untitled_design_34_c0865ade-04d2-4bbd-ba04-399ab6d9cfb9df85.png]
[www.ecomhubtheme.com/cdn/shop/files/Untitled_design_30_53a22f3e-4e56-43fb-9d78-20459a6777dff8df.png]
[www.ecomhubtheme.com/cdn/fonts/inter/inter_n4.b2a3f24c19b4de56e8871f609e73ca7f6d2e2bb9.woff2]
[www.ecomhubtheme.com/cdn/fonts/inter/inter_n4.af8052d517e0c9ffac7b814872cecc27ae1fa132.woff]
[www.ecomhubtheme.com/cdn/shop/files/Untitled_design_30_53a22f3e-4e56-43fb-9d78-20459a6777df9b8a.png]
[www.ecomhubtheme.com/cdn/fonts/inter/inter_i4.feae1981dda792ab80d117249d9c7e0f1017e5b3.woff2]
[www.ecomhubtheme.com/cdn/fonts/inter/inter_n7.02711e6b374660cfc7915d1afc1c204e633421e4.woff2]
[www.ecomhubtheme.com/cdn/fonts/inter/inter_n7.6dab87426f6b8813070abd79972ceaf2f8d3b012.woff]
[www.ecomhubtheme.com/cdn/shop/files/Untitled_design_30_53a22f3e-4e56-43fb-9d78-20459a6777dfd601.png]
[www.ecomhubtheme.com/cdn/shop/files/Untitled_design_30_53a22f3e-4e56-43fb-9d78-20459a6777dfff5a.png]
[www.ecomhubtheme.com/cdn/shop/files/Untitled_design_30_53a22f3e-4e56-43fb-9d78-20459a6777dfc35f.png]
[www.ecomhubtheme.com/cdn/fonts/inter/inter_i4.62773b7113d5e5f02c71486623cf828884c85c6e.woff]
[www.ecomhubtheme.com/cdn/shop/files/Untitled_design_30_53a22f3e-4e56-43fb-9d78-20459a6777df2d56.png]
[www.ecomhubtheme.com/cdn/shop/files/Untitled_design_30_53a22f3e-4e56-43fb-9d78-20459a6777df0e71.png]
[www.ecomhubtheme.com/cdn/fonts/inter/inter_n8.d15c916037fee1656886aab64725534609d62cc8.woff2]
[www.ecomhubtheme.com/cdn/shop/files/Untitled_design_30_53a22f3e-4e56-43fb-9d78-20459a6777df61a2.png]
[www.ecomhubtheme.com/cdn/fonts/inter/inter_n8.c88637171fecf10ab2d88c89dbf06f41a1ae8be5.woff]
[www.ecomhubtheme.com/cdn/fonts/inter/inter_i7.b377bcd4cc0f160622a22d638ae7e2cd9b86ea4c.woff2]
[www.ecomhubtheme.com/cdn/fonts/inter/inter_i7.7c69a6a34e3bb44fcf6f975857e13b9a9b25beb4.woff]
[www.ecomhubtheme.com/cdn/shop/files/Untitled_design_30_53a22f3e-4e56-43fb-9d78-20459a6777df2336.png]
[www.ecomhubtheme.com/cdn/shop/files/Untitled_design_30_53a22f3e-4e56-43fb-9d78-20459a6777dfb3a8.png]
[www.ecomhubtheme.com/cdn/shop/t/626/assets/sparkle.gif]
[www.ecomhubtheme.com/cdn/shop/files/121232323054e5d.png]
[www.ecomhubtheme.com/products/1-on-1-store-launch-customization.oembed]
[www.ecomhubtheme.com/cdn/shop/files/Untitled_design_30_53a22f3e-4e56-43fb-9d78-20459a6777dfdf85.png]
[www.ecomhubtheme.com/cdn/shop/files/Untitled_design_30_53a22f3e-4e56-43fb-9d78-20459a6777dfda04.png]
[www.ecomhubtheme.com/cdn/shop/files/Untitled_design_33_8df9088b-6643-40dc-a026-e7413b3f5c98f8df.png]
[www.ecomhubtheme.com/cdn/shop/files/Untitled_design_33_8df9088b-6643-40dc-a026-e7413b3f5c988616.png]
[www.ecomhubtheme.com/cdn/shop/files/Untitled_design_33_8df9088b-6643-40dc-a026-e7413b3f5c98d601.png]
[www.ecomhubtheme.com/cdn/shop/files/Untitled_design_33_8df9088b-6643-40dc-a026-e7413b3f5c98ff5a.png]
[www.ecomhubtheme.com/cdn/shop/files/Untitled_design_33_8df9088b-6643-40dc-a026-e7413b3f5c98c35f.png]
[www.ecomhubtheme.com/cdn/shop/files/Untitled_design_33_8df9088b-6643-40dc-a026-e7413b3f5c982d56.png]
[www.ecomhubtheme.com/cdn/shop/files/Untitled_design_33_8df9088b-6643-40dc-a026-e7413b3f5c980e71.png]
[www.ecomhubtheme.com/cdn/shop/files/121232323059151.png]
[www.ecomhubtheme.com/cdn/shop/files/Untitled_design_33_8df9088b-6643-40dc-a026-e7413b3f5c9861a2.png]
[www.ecomhubtheme.com/cdn/shop/files/Untitled_design_33_8df9088b-6643-40dc-a026-e7413b3f5c98ebe7.png]
[www.ecomhubtheme.com/cdn/shop/files/Untitled_design_33_8df9088b-6643-40dc-a026-e7413b3f5c982336.png]
[www.ecomhubtheme.com/cdn/shop/files/Untitled_design_33_8df9088b-6643-40dc-a026-e7413b3f5c98b3a8.png]
[www.ecomhubtheme.com/cdn/shop/files/121232323057767.png]
[www.ecomhubtheme.com/cdn/shop/files/12123232305cb63.png]
[www.ecomhubtheme.com/cdn/shop/files/121232323058814.png]
[cdn.shopify.com/s/files/1/0771/6205/3816/files/d9f2426867edb44901f0b261a6c737b2dae9.jpg]
[www.ecomhubtheme.com/cdn/shop/files/Untitled_design_33_8df9088b-6643-40dc-a026-e7413b3f5c98e09d.png]
[www.ecomhubtheme.com/cdn/shop/files/Untitled_design_33_8df9088b-6643-40dc-a026-e7413b3f5c98fc66.png]
[cdn.shopify.com/s/files/1/0771/6205/3816/files/95214eeee3bff2a0f71523b036c1caf9dae9.jpg]
[cdn.shopify.com/s/files/1/0771/6205/3816/files/553ec25a8b729292dcafd0ddb01e145fdae9.jpg]
[www.ecomhubtheme.com/cdn/shop/files/Untitled_design_33_8df9088b-6643-40dc-a026-e7413b3f5c983665.png]
[www.ecomhubtheme.com/cdn/shop/files/d62ceb3fa0db4bd558389d41eecbbe6bc9c2.jpg]
[www.ecomhubtheme.com/cdn/shop/files/LP5zl8onJcmXgAx_1f8df.jpg]
[www.ecomhubtheme.com/cdn/shop/files/LP5zl8onJcmXgAx_148f7.jpg]
[www.ecomhubtheme.com/cdn/shop/files/LP5zl8onJcmXgAx_19b8a.jpg]
[www.ecomhubtheme.com/cdn/shop/files/LP5zl8onJcmXgAx_18616.jpg]
[www.ecomhubtheme.com/cdn/shop/files/LP5zl8onJcmXgAx_1d601.jpg]
[www.ecomhubtheme.com/cdn/shop/files/LP5zl8onJcmXgAx_1ff5a.jpg]
[www.ecomhubtheme.com/cdn/shop/files/LP5zl8onJcmXgAx_1c35f.jpg]
[www.ecomhubtheme.com/cdn/shop/files/LP5zl8onJcmXgAx_12d56.jpg]
[www.ecomhubtheme.com/cdn/shop/files/LP5zl8onJcmXgAx_10e71.jpg]
[www.ecomhubtheme.com/cdn/shop/files/LP5zl8onJcmXgAx_161a2.jpg]
[www.ecomhubtheme.com/cdn/shop/files/LP5zl8onJcmXgAx_1ebe7.jpg]
[www.ecomhubtheme.com/cdn/shop/files/LP5zl8onJcmXgAx_12336.jpg]
[www.ecomhubtheme.com/cdn/shop/files/LP5zl8onJcmXgAx_1b3a8.jpg]
[www.ecomhubtheme.com/cdn/shop/files/LP5zl8onJcmXgAx_1e09d.jpg]
[www.ecomhubtheme.com/cdn/shop/files/LP5zl8onJcmXgAx_1756d.jpg]
[www.ecomhubtheme.com/cdn/shop/files/LP5zl8onJcmXgAx_1fc66.jpg]
[www.ecomhubtheme.com/cdn/shop/files/LP5zl8onJcmXgAx_13665.jpg]
[www.ecomhubtheme.com/cdn/shop/files/LP5zl8onJcmXgAx_1df85.jpg]
[www.ecomhubtheme.com/cdn/shop/files/LP5zl8onJcmXgAx_1da04.jpg]
[www.ecomhubtheme.com/cdn/shop/files/Untitled_design_32_97c224e3-dfe0-4f29-92d3-9085476de955f8df.png]
[www.ecomhubtheme.com/cdn/shop/files/Untitled_design_32_97c224e3-dfe0-4f29-92d3-9085476de95548f7.png]
[www.ecomhubtheme.com/cdn/shop/files/Untitled_design_452b3a6.png]
[www.ecomhubtheme.com/cdn/shop/files/499ae952c2365f25228b7e7b58e1d3bd7f3b.jpg]
[www.ecomhubtheme.com/cdn/shop/files/Untitled_design_31_da28d28e-812a-440a-81eb-a6adf78355239b8a.png]
[www.ecomhubtheme.com/cdn/shop/files/Untitled_design_32_97c224e3-dfe0-4f29-92d3-9085476de955c35f.png]
[www.ecomhubtheme.com/cdn/shop/files/Untitled_design_32_97c224e3-dfe0-4f29-92d3-9085476de9552d56.png]
[www.ecomhubtheme.com/cdn/shop/files/Untitled_design_31_da28d28e-812a-440a-81eb-a6adf7835523d601.png]
[www.ecomhubtheme.com/cdn/shop/files/Untitled_design_31_da28d28e-812a-440a-81eb-a6adf78355238616.png]
[www.ecomhubtheme.com/cdn/shop/files/Untitled_design_32_97c224e3-dfe0-4f29-92d3-9085476de9550e71.png]
[www.ecomhubtheme.com/cdn/shop/files/Untitled_design_32_97c224e3-dfe0-4f29-92d3-9085476de95561a2.png]
[www.ecomhubtheme.com/cdn/shop/files/Untitled_design_31_da28d28e-812a-440a-81eb-a6adf7835523ff5a.png]
[www.ecomhubtheme.com/cdn/shop/files/Untitled_design_31_da28d28e-812a-440a-81eb-a6adf7835523c35f.png]
[www.ecomhubtheme.com/cdn/shop/files/Untitled_design_31_da28d28e-812a-440a-81eb-a6adf78355232d56.png]
[www.ecomhubtheme.com/cdn/shop/files/Untitled_design_31_da28d28e-812a-440a-81eb-a6adf78355230e71.png]
[www.ecomhubtheme.com/cdn/shop/files/Untitled_design_32_97c224e3-dfe0-4f29-92d3-9085476de955ebe7.png]
[www.ecomhubtheme.com/cdn/shop/files/Untitled_design_31_da28d28e-812a-440a-81eb-a6adf783552361a2.png]
[www.ecomhubtheme.com/cdn/shop/files/Untitled_design_32_97c224e3-dfe0-4f29-92d3-9085476de955b3a8.png]
[www.ecomhubtheme.com/cdn/shop/files/Untitled_design_31_da28d28e-812a-440a-81eb-a6adf7835523ebe7.png]
[www.ecomhubtheme.com/cdn/shop/files/Untitled_design_31_da28d28e-812a-440a-81eb-a6adf7835523b3a8.png]
[www.ecomhubtheme.com/cdn/shop/files/Untitled_design_31_da28d28e-812a-440a-81eb-a6adf78355232336.png]
[www.ecomhubtheme.com/cdn/shop/files/Untitled_design_31_da28d28e-812a-440a-81eb-a6adf7835523e09d.png]
[www.ecomhubtheme.com/cdn/shop/files/Untitled_design_32_97c224e3-dfe0-4f29-92d3-9085476de955e09d.png]
[www.ecomhubtheme.com/cdn/shop/files/Untitled_design_31_da28d28e-812a-440a-81eb-a6adf7835523fc66.png]
[www.ecomhubtheme.com/cdn/shop/files/Untitled_design_31_da28d28e-812a-440a-81eb-a6adf7835523756d.png]
[www.ecomhubtheme.com/cdn/shop/files/Untitled_design_31_da28d28e-812a-440a-81eb-a6adf78355233665.png]
[www.ecomhubtheme.com/cdn/shop/files/Untitled_design_31_da28d28e-812a-440a-81eb-a6adf7835523df85.png]
[www.ecomhubtheme.com/cdn/shop/files/Untitled_design_32_97c224e3-dfe0-4f29-92d3-9085476de955fc66.png]
[www.ecomhubtheme.com/cdn/shop/files/Untitled_design_31_da28d28e-812a-440a-81eb-a6adf7835523da04.png]
[www.ecomhubtheme.com/cdn/shop/files/Untitled_design_34_c0865ade-04d2-4bbd-ba04-399ab6d9cfb948f7.png]
[www.ecomhubtheme.com/cdn/shop/files/Untitled_design_34_c0865ade-04d2-4bbd-ba04-399ab6d9cfb9f8df.png]
[www.ecomhubtheme.com/cdn/shop/files/Untitled_design_34_c0865ade-04d2-4bbd-ba04-399ab6d9cfb9e09d.png]
[www.ecomhubtheme.com/cdn/shop/files/Untitled_design_32_97c224e3-dfe0-4f29-92d3-9085476de955df85.png]
[www.ecomhubtheme.com/cdn/shop/files/Untitled_design_34_c0865ade-04d2-4bbd-ba04-399ab6d9cfb9756d.png]
[www.ecomhubtheme.com/cdn/shop/files/Untitled_design_34_c0865ade-04d2-4bbd-ba04-399ab6d9cfb93665.png]
[www.ecomhubtheme.com/cdn/shop/files/Untitled_design_34_c0865ade-04d2-4bbd-ba04-399ab6d9cfb9da04.png]
[www.ecomhubtheme.com/cdn/shop/files/Untitled_design_30_53a22f3e-4e56-43fb-9d78-20459a6777df48f7.png]
[www.ecomhubtheme.com/cdn/shop/files/preview_images/5b477da481b24039af3751578dc5f33a.thumbnail.0000000000_1500xcbde.jpg]
[www.ecomhubtheme.com/cdn/shop/files/Untitled_design_30_53a22f3e-4e56-43fb-9d78-20459a6777df8616.png]
[www.ecomhubtheme.com/cdn/shop/files/Untitled_design_30_53a22f3e-4e56-43fb-9d78-20459a6777dfebe7.png]
[www.ecomhubtheme.com/cdn/shop/files/mockup-featuring-two-iphones-12-pro-against-a-solid-color-background-5011-el1-removebg_17881.png]
[www.ecomhubtheme.com/cdn/shop/files/Untitled_design_30_53a22f3e-4e56-43fb-9d78-20459a6777dfe09d.png]
[www.ecomhubtheme.com/cdn/shop/files/Untitled_design_30_53a22f3e-4e56-43fb-9d78-20459a6777df756d.png]
[www.ecomhubtheme.com/cdn/shop/files/Untitled_design_30_53a22f3e-4e56-43fb-9d78-20459a6777dffc66.png]
[www.ecomhubtheme.com/cdn/shop/files/Untitled_design_30_53a22f3e-4e56-43fb-9d78-20459a6777df3665.png]
[www.ecomhubtheme.com/cdn/shop/files/mockup-featuring-two-iphones-12-pro-against-a-solid-color-background-5011-el1-removebg_1d43c.png]
[www.ecomhubtheme.com/cdn/shop/files/Untitled_design_33_8df9088b-6643-40dc-a026-e7413b3f5c9848f7.png]
[www.ecomhubtheme.com/cdn/shop/files/Untitled_design_33_8df9088b-6643-40dc-a026-e7413b3f5c989b8a.png]
[www.ecomhubtheme.com/cdn/shop/files/Copy_of_Copy_of_Copy_of_Copy_of_Untitled_Designd98b.png]
[www.ecomhubtheme.com/cdn/shop/files/Copy_of_Copy_of_Copy_of_Copy_of_Untitled_Design2755.png]
[www.ecomhubtheme.com/cdn/shop/files/Copy_of_Copy_of_Copy_of_Copy_of_Untitled_Design56ef.png]
[www.ecomhubtheme.com/cdn/shop/files/Untitled_design_33_8df9088b-6643-40dc-a026-e7413b3f5c98df85.png]
[www.ecomhubtheme.com/cdn/shop/files/Untitled_design_33_8df9088b-6643-40dc-a026-e7413b3f5c98756d.png]
[www.ecomhubtheme.com/cdn/shop/files/Untitled_design_33_8df9088b-6643-40dc-a026-e7413b3f5c98da04.png]
[www.ecomhubtheme.com/cdn/shop/files/Untitled_design_32_97c224e3-dfe0-4f29-92d3-9085476de9559b8a.png]
[www.ecomhubtheme.com/cdn/shop/files/Untitled_design_32_97c224e3-dfe0-4f29-92d3-9085476de9558616.png]
[www.ecomhubtheme.com/cdn/shop/files/Untitled_design_32_97c224e3-dfe0-4f29-92d3-9085476de955d601.png]
[www.ecomhubtheme.com/products/1-on-1-store-launch-customizationf72d.html]
[www.ecomhubtheme.com/cdn/shop/files/Untitled_design_32_97c224e3-dfe0-4f29-92d3-9085476de955ff5a.png]
[www.ecomhubtheme.com/cdn/shop/files/Untitled_design_32_97c224e3-dfe0-4f29-92d3-9085476de955756d.png]
[www.ecomhubtheme.com/cdn/shop/files/Untitled_design_32_97c224e3-dfe0-4f29-92d3-9085476de9552336.png]
[www.ecomhubtheme.com/cdn/shop/files/Untitled_design_32_97c224e3-dfe0-4f29-92d3-9085476de9553665.png]
[www.ecomhubtheme.com/cdn/shop/files/Untitled_design_32_97c224e3-dfe0-4f29-92d3-9085476de955da04.png]
[www.ecomhubtheme.com/policies/shipping-policy.html]
[www.ecomhubtheme.com/cdn/shop/t/626/assets/ehp-iconsd98f.css]
[www.ecomhubtheme.com/cdn/shop/t/626/assets/ehp-ticker-bar1ef0.css]
[www.ecomhubtheme.com/cdn/shop/files/mockup-featuring-two-iphones-12-pro-against-a-solid-color-background-5011-el1-removebg_177b2.png]
[www.ecomhubtheme.com/cdn/shop/t/626/assets/ehp-ticker-bara104.js]
[www.ecomhubtheme.com/cdn/shop/files/mockup-featuring-two-iphones-12-pro-against-a-solid-color-background-5011-el1-removebg_1f60a.png]
[www.ecomhubtheme.com/cdn/shop/files/mockup-featuring-two-iphones-12-pro-against-a-solid-color-background-5011-el1-removebg_1a962.png]
[www.ecomhubtheme.com/cdn/shop/t/626/assets/ehp-navd5e5.css]
[www.ecomhubtheme.com/cdn/shop/videos/c/vp/5b477da481b24039af3751578dc5f33a/5b477da481b24039af3751578dc5f33a.HD-720p-2.1Mbps-94391092a4f0.mp4]
[www.ecomhubtheme.com/cdn/shop/files/mockup-featuring-two-iphones-12-pro-against-a-solid-color-background-5011-el1-removebg_1635c.png]
[www.ecomhubtheme.com/cdn/shop/t/626/assets/ehp-header-style9ee4.css]
[www.ecomhubtheme.com/cdn/shop/files/Copy_of_Copy_of_Copy_of_Copy_of_Untitled_Designd943.png]
[www.ecomhubtheme.com/cdn/shop/files/Copy_of_Copy_of_Copy_of_Copy_of_Untitled_Design87a3.png]
[www.ecomhubtheme.com/cdn/shop/t/626/assets/component-list-menuf144.css]
[www.ecomhubtheme.com/cdn/shop/files/Copy_of_Copy_of_Copy_of_Copy_of_Untitled_Design98a8.png]
[www.ecomhubtheme.com/cdn/shop/t/626/assets/component-search5721.css]
[www.ecomhubtheme.com/cdn/shop/t/626/assets/component-menu-drawer1e0a.css]
[www.ecomhubtheme.com/cdn/shop/t/626/assets/component-cart-notificationaf9b.css]
[www.ecomhubtheme.com/cdn/shop/t/626/assets/cart-notification790e.js]
[www.ecomhubtheme.com/cdn/shop/files/STORES31e3.png]
[www.ecomhubtheme.com/cdn/shop/files/STORES8121.png]
[www.ecomhubtheme.com/products/ecomhub-pro-dropshipping-store.oembed]
[www.ecomhubtheme.com/cdn/shop/files/STARTER_11db57.png]
[www.ecomhubtheme.com/cdn/shop/files/STARTER_11f907.png]
[www.ecomhubtheme.com/cdn/shop/files/STARTER_11bf18.png]
[www.ecomhubtheme.com/cdn/shop/files/STARTER_11eea4.png]
[www.ecomhubtheme.com/cdn/shop/files/STARTER_1138d3.png]
[www.ecomhubtheme.com/cdn/shop/files/STARTER_11267f.png]
[www.ecomhubtheme.com/cdn/shop/files/STARTER_11e7c9.png]
[www.ecomhubtheme.com/cdn/shop/files/STARTER_1197da.png]
[www.ecomhubtheme.com/cdn/shop/files/STARTER_115376.png]
[www.ecomhubtheme.com/cdn/shop/files/STARTER_11a247.png]
[www.ecomhubtheme.com/cdn/shop/files/STARTER_11e77b.png]
[www.ecomhubtheme.com/cdn/shop/files/STARTER_11fced.png]
[www.ecomhubtheme.com/cdn/shop/files/STORES69ca.png]
[www.ecomhubtheme.com/cdn/shop/files/STORESae9a.png]
[www.ecomhubtheme.com/cdn/shop/files/STORES5fd9.png]
[www.ecomhubtheme.com/cdn/shop/files/STORES8154.png]
[www.ecomhubtheme.com/cdn/shop/files/STORES8c3d.png]
[www.ecomhubtheme.com/cdn/shop/files/STORES07da.png]
[www.ecomhubtheme.com/cdn/shop/files/STORES03e1.png]
[www.ecomhubtheme.com/cdn/shop/files/STORESbf91.png]
[www.ecomhubtheme.com/cdn/shop/files/STORESb709.png]
[www.ecomhubtheme.com/cdn/shop/files/STORES9c7c.png]
[www.ecomhubtheme.com/cdn/shop/files/STORES677c.png]
[www.ecomhubtheme.com/cdn/shop/files/STORESf9f8.png]
[www.ecomhubtheme.com/cdn/shop/files/Copy_of_Copy_of_ADD_SECTION_160561.png]
[www.ecomhubtheme.com/cdn/shop/files/Copy_of_Copy_of_ADD_SECTION_168a62.png]
[www.ecomhubtheme.com/cdn/shop/files/Copy_of_Copy_of_ADD_SECTION_166b25.png]
[www.ecomhubtheme.com/cdn/shop/files/Copy_of_Copy_of_ADD_SECTION_1615ec.png]
[www.ecomhubtheme.com/cdn/shop/files/Copy_of_Copy_of_ADD_SECTION_16df6b.png]
[www.ecomhubtheme.com/cdn/shop/files/Copy_of_Copy_of_ADD_SECTION_16f045.png]
[www.ecomhubtheme.com/cdn/shop/files/Copy_of_Copy_of_ADD_SECTION_165910.png]
[www.ecomhubtheme.com/cdn/shop/files/Copy_of_Copy_of_ADD_SECTION_16296c.png]
[www.ecomhubtheme.com/cdn/shop/files/Copy_of_Copy_of_ADD_SECTION_163ee6.png]
[www.ecomhubtheme.com/cdn/shop/files/Copy_of_Copy_of_ADD_SECTION_16eee2.png]
[www.ecomhubtheme.com/cdn/shop/files/Copy_of_Copy_of_ADD_SECTION_161a69.png]
[www.ecomhubtheme.com/cdn/shop/files/Copy_of_Copy_of_ADD_SECTION_16f1c8.png]
[www.ecomhubtheme.com/cdn/shop/files/4_f0bd609d-6f6c-41b9-ba46-10464b2c9131af60.png]
[www.ecomhubtheme.com/cdn/shop/files/4_f0bd609d-6f6c-41b9-ba46-10464b2c9131726a.png]
[www.ecomhubtheme.com/cdn/shop/files/4_f0bd609d-6f6c-41b9-ba46-10464b2c91315745.png]
[www.ecomhubtheme.com/cdn/shop/files/4_f0bd609d-6f6c-41b9-ba46-10464b2c91312a2a.png]
[www.ecomhubtheme.com/cdn/shop/files/4_f0bd609d-6f6c-41b9-ba46-10464b2c913160be.png]
[www.ecomhubtheme.com/cdn/shop/files/4_f0bd609d-6f6c-41b9-ba46-10464b2c9131ca77.png]
[www.ecomhubtheme.com/cdn/shop/files/4_f0bd609d-6f6c-41b9-ba46-10464b2c91313657.png]
[www.ecomhubtheme.com/cdn/shop/files/4_f0bd609d-6f6c-41b9-ba46-10464b2c91311291.png]
[www.ecomhubtheme.com/cdn/shop/files/4_f0bd609d-6f6c-41b9-ba46-10464b2c913107a7.png]
[www.ecomhubtheme.com/cdn/shop/files/4_f0bd609d-6f6c-41b9-ba46-10464b2c913106d2.png]
[www.ecomhubtheme.com/cdn/shop/files/4_f0bd609d-6f6c-41b9-ba46-10464b2c9131fc0d.png]
[www.ecomhubtheme.com/cdn/shop/files/4_f0bd609d-6f6c-41b9-ba46-10464b2c913139cf.png]
[www.ecomhubtheme.com/cdn/shop/files/Copy_of_Copy_of_ADD_SECTION_867d9.png]
[www.ecomhubtheme.com/cdn/shop/files/Copy_of_Copy_of_ADD_SECTION_87132.png]
[www.ecomhubtheme.com/cdn/shop/files/Copy_of_Copy_of_ADD_SECTION_88f0e.png]
[www.ecomhubtheme.com/cdn/shop/files/Copy_of_Copy_of_ADD_SECTION_89319.png]
[www.ecomhubtheme.com/cdn/shop/files/Copy_of_Copy_of_ADD_SECTION_889f7.png]
[www.ecomhubtheme.com/cdn/shop/files/Copy_of_Copy_of_ADD_SECTION_8680b.png]
[www.ecomhubtheme.com/cdn/shop/files/Copy_of_Copy_of_ADD_SECTION_87fd5.png]
[www.ecomhubtheme.com/cdn/shop/files/Copy_of_Copy_of_ADD_SECTION_83352.png]
[www.ecomhubtheme.com/cdn/shop/files/Copy_of_Copy_of_ADD_SECTION_8dabf.png]
[www.ecomhubtheme.com/cdn/shop/files/Copy_of_Copy_of_ADD_SECTION_8b0c4.png]
[www.ecomhubtheme.com/cdn/shop/files/Copy_of_Copy_of_ADD_SECTION_8defa.png]
[www.ecomhubtheme.com/cdn/shop/files/Copy_of_Copy_of_ADD_SECTION_813e3.png]
[www.ecomhubtheme.com/cdn/shop/files/Copy_of_Copy_of_ADD_SECTION_151237.png]
[www.ecomhubtheme.com/cdn/shop/files/Copy_of_Copy_of_ADD_SECTION_156f7e.png]
[www.ecomhubtheme.com/cdn/shop/files/Copy_of_Copy_of_ADD_SECTION_1540e7.png]
[www.ecomhubtheme.com/cdn/shop/files/Copy_of_Copy_of_ADD_SECTION_15f704.png]
[www.ecomhubtheme.com/cdn/shop/files/Copy_of_Copy_of_ADD_SECTION_15969b.png]
[www.ecomhubtheme.com/cdn/shop/files/Copy_of_Copy_of_ADD_SECTION_150db4.png]
[www.ecomhubtheme.com/cdn/shop/files/Copy_of_Copy_of_ADD_SECTION_1579de.png]
[www.ecomhubtheme.com/cdn/shop/files/Copy_of_Copy_of_ADD_SECTION_15d771.png]
[www.ecomhubtheme.com/cdn/shop/files/Copy_of_Copy_of_ADD_SECTION_15640a.png]
[www.ecomhubtheme.com/cdn/shop/files/Copy_of_Copy_of_ADD_SECTION_15ccb6.png]
[www.ecomhubtheme.com/cdn/shop/files/Copy_of_Copy_of_ADD_SECTION_158938.png]
[www.ecomhubtheme.com/cdn/shop/files/Copy_of_Copy_of_ADD_SECTION_15b9f2.png]
[www.ecomhubtheme.com/cdn/shop/files/Copy_of_Copy_of_ADD_SECTION_13c22d.png]
[www.ecomhubtheme.com/cdn/shop/files/Copy_of_Copy_of_ADD_SECTION_1329d2.png]
[www.ecomhubtheme.com/cdn/shop/files/Copy_of_Copy_of_ADD_SECTION_13a267.png]
[www.ecomhubtheme.com/cdn/shop/files/Copy_of_Copy_of_ADD_SECTION_130005.png]
[www.ecomhubtheme.com/cdn/shop/files/Copy_of_Copy_of_ADD_SECTION_133bdb.png]
[www.ecomhubtheme.com/cdn/shop/files/Copy_of_Copy_of_ADD_SECTION_135793.png]
[www.ecomhubtheme.com/cdn/shop/files/Copy_of_Copy_of_ADD_SECTION_135a5b.png]
[www.ecomhubtheme.com/cdn/shop/files/Copy_of_Copy_of_ADD_SECTION_1336a1.png]
[www.ecomhubtheme.com/cdn/shop/files/Copy_of_Copy_of_ADD_SECTION_1306f3.png]
[www.ecomhubtheme.com/cdn/shop/files/Copy_of_Copy_of_ADD_SECTION_13b5f5.png]
[www.ecomhubtheme.com/cdn/shop/files/Copy_of_Copy_of_ADD_SECTION_13ac70.png]
[www.ecomhubtheme.com/cdn/shop/files/Copy_of_Copy_of_ADD_SECTION_132e36.png]
[www.ecomhubtheme.com/cdn/shop/files/Copy_of_Copy_of_ADD_SECTION_78229.png]
[www.ecomhubtheme.com/cdn/shop/files/Copy_of_Copy_of_ADD_SECTION_77899.png]
[www.ecomhubtheme.com/cdn/shop/files/Copy_of_Copy_of_ADD_SECTION_7afb6.png]
[www.ecomhubtheme.com/cdn/shop/files/Copy_of_Copy_of_ADD_SECTION_7fcb9.png]
[www.ecomhubtheme.com/cdn/shop/files/Copy_of_Copy_of_ADD_SECTION_7a149.png]
[www.ecomhubtheme.com/cdn/shop/files/Copy_of_Copy_of_ADD_SECTION_73861.png]
[www.ecomhubtheme.com/cdn/shop/files/Copy_of_Copy_of_ADD_SECTION_7dfd4.png]
[www.ecomhubtheme.com/cdn/shop/files/Copy_of_Copy_of_ADD_SECTION_76dc2.png]
[www.ecomhubtheme.com/cdn/shop/files/Copy_of_Copy_of_ADD_SECTION_7c2e8.png]
[www.ecomhubtheme.com/cdn/shop/files/Copy_of_Copy_of_ADD_SECTION_7d64a.png]
[www.ecomhubtheme.com/cdn/shop/files/Copy_of_Copy_of_ADD_SECTION_79feb.png]
[www.ecomhubtheme.com/cdn/shop/files/Copy_of_Copy_of_ADD_SECTION_73029.png]
[www.ecomhubtheme.com/cdn/shop/files/Untitled_design_10907e9.png]
[www.ecomhubtheme.com/cdn/shop/files/Untitled_design_1099d8d.png]
[www.ecomhubtheme.com/cdn/shop/files/Untitled_design_1093382.png]
[www.ecomhubtheme.com/cdn/shop/files/Untitled_design_1093e33.png]
[www.ecomhubtheme.com/cdn/shop/files/Untitled_design_109535c.png]
[www.ecomhubtheme.com/cdn/shop/files/Untitled_design_10951aa.png]
[www.ecomhubtheme.com/cdn/shop/files/Untitled_design_1097330.png]
[www.ecomhubtheme.com/cdn/shop/files/Untitled_design_109bb4c.png]
[www.ecomhubtheme.com/cdn/shop/files/Untitled_design_1099333.png]
[www.ecomhubtheme.com/cdn/shop/files/Untitled_design_10991d9.png]
[www.ecomhubtheme.com/cdn/shop/files/Untitled_design_1094f58.png]
[www.ecomhubtheme.com/cdn/shop/files/Untitled_design_1098474.png]
[www.ecomhubtheme.com/cdn/shop/files/Untitled_design_11007e9.png]
[www.ecomhubtheme.com/cdn/shop/files/Untitled_design_1109d8d.png]
[www.ecomhubtheme.com/cdn/shop/files/Untitled_design_1103382.png]
[www.ecomhubtheme.com/cdn/shop/files/Untitled_design_1103e33.png]
[www.ecomhubtheme.com/cdn/shop/files/Untitled_design_110535c.png]
[www.ecomhubtheme.com/cdn/shop/files/Untitled_design_11051aa.png]
[www.ecomhubtheme.com/cdn/shop/files/Untitled_design_1107330.png]
[www.ecomhubtheme.com/cdn/shop/files/Untitled_design_110bb4c.png]
[www.ecomhubtheme.com/cdn/shop/files/Untitled_design_1109333.png]
[www.ecomhubtheme.com/cdn/shop/files/Untitled_design_11091d9.png]
[www.ecomhubtheme.com/cdn/shop/files/Untitled_design_1104f58.png]
[www.ecomhubtheme.com/cdn/shop/files/Untitled_design_1108474.png]
[www.ecomhubtheme.com/cdn/shop/files/Untitled_design_10607e9.png]
[www.ecomhubtheme.com/cdn/shop/files/Untitled_design_1069d8d.png]
[www.ecomhubtheme.com/cdn/shop/files/Untitled_design_1063382.png]
[www.ecomhubtheme.com/cdn/shop/files/Untitled_design_1063e33.png]
[www.ecomhubtheme.com/cdn/shop/files/Untitled_design_106535c.png]
[www.ecomhubtheme.com/cdn/shop/files/Untitled_design_10651aa.png]
[www.ecomhubtheme.com/cdn/shop/files/Untitled_design_1067330.png]
[www.ecomhubtheme.com/cdn/shop/files/Untitled_design_106bb4c.png]
[www.ecomhubtheme.com/cdn/shop/files/Untitled_design_1069333.png]
[www.ecomhubtheme.com/cdn/shop/files/Untitled_design_10691d9.png]
[www.ecomhubtheme.com/cdn/shop/files/Untitled_design_1064f58.png]
[www.ecomhubtheme.com/cdn/shop/files/Untitled_design_1068474.png]
[www.ecomhubtheme.com/cdn/shop/files/Untitled_design_10807e9.png]
[www.ecomhubtheme.com/cdn/shop/files/Untitled_design_1089d8d.png]
[www.ecomhubtheme.com/cdn/shop/files/Untitled_design_1083382.png]
[www.ecomhubtheme.com/cdn/shop/files/Untitled_design_1083e33.png]
[www.ecomhubtheme.com/cdn/shop/files/Untitled_design_108535c.png]
[www.ecomhubtheme.com/cdn/shop/files/Untitled_design_10851aa.png]
[www.ecomhubtheme.com/cdn/shop/files/Untitled_design_1087330.png]
[www.ecomhubtheme.com/cdn/shop/files/Untitled_design_108bb4c.png]
[www.ecomhubtheme.com/cdn/shop/files/Untitled_design_1089333.png]
[www.ecomhubtheme.com/cdn/shop/files/Untitled_design_10891d9.png]
[www.ecomhubtheme.com/cdn/shop/files/Untitled_design_1084f58.png]
[www.ecomhubtheme.com/cdn/shop/files/Untitled_design_1088474.png]
[www.ecomhubtheme.com/cdn/shop/files/pre-built-shopify-store-review_d6d5f597-2af2-4e57-86f4-14d006f1ebd8-1.webpc62e.jpg]
[www.ecomhubtheme.com/cdn/shop/files/pre-built-shopify-store-review_d6d5f597-2af2-4e57-86f4-14d006f1ebd8-1.webp77bd.jpg]
[www.ecomhubtheme.com/cdn/shop/files/pre-built-shopify-store-review_d6d5f597-2af2-4e57-86f4-14d006f1ebd8-1.webpb490.jpg]
[www.ecomhubtheme.com/cdn/shop/files/pre-built-shopify-store-review_d6d5f597-2af2-4e57-86f4-14d006f1ebd8-1.webpab15.jpg]
[www.ecomhubtheme.com/cdn/shop/files/pre-built-shopify-store-review_d6d5f597-2af2-4e57-86f4-14d006f1ebd8-1.webp81d2.jpg]
[www.ecomhubtheme.com/cdn/shop/files/pre-built-shopify-store-review_d6d5f597-2af2-4e57-86f4-14d006f1ebd8-1.webp2bc7.jpg]
[www.ecomhubtheme.com/cdn/shop/files/pre-built-shopify-store-review_d6d5f597-2af2-4e57-86f4-14d006f1ebd8-1.webp8d2f.jpg]
[www.ecomhubtheme.com/cdn/shop/files/STARTER_113d69.png]
[www.ecomhubtheme.com/cdn/shop/files/STARTER_1174dd.png]
[www.ecomhubtheme.com/cdn/shop/files/pre-built-shopify-store-review_d6d5f597-2af2-4e57-86f4-14d006f1ebd8-1.webp11fc.jpg]
[www.ecomhubtheme.com/cdn/shop/files/pre-built-shopify-store-review_d6d5f597-2af2-4e57-86f4-14d006f1ebd8-1.webpd302.jpg]
[www.ecomhubtheme.com/cdn/shop/files/STARTER_1155c0.png]
[www.ecomhubtheme.com/cdn/shop/files/STARTER_1115b1.png]
[www.ecomhubtheme.com/cdn/shop/files/STARTER_1102be.png]
[www.ecomhubtheme.com/cdn/shop/files/STARTER_114a81.png]
[www.ecomhubtheme.com/cdn/shop/files/STARTER_11a70a.png]
[www.ecomhubtheme.com/cdn/shop/files/pre-built-shopify-store-review_d6d5f597-2af2-4e57-86f4-14d006f1ebd8-1.webpcb0c.jpg]
[www.ecomhubtheme.com/cdn/shop/files/STORES1715.png]
[www.ecomhubtheme.com/cdn/shop/files/pre-built-shopify-store-review_d6d5f597-2af2-4e57-86f4-14d006f1ebd8-1.webp5dbb.jpg]
[www.ecomhubtheme.com/cdn/shop/files/pre-built-shopify-store-review_d6d5f597-2af2-4e57-86f4-14d006f1ebd8-1.webp3e20.jpg]
[www.ecomhubtheme.com/cdn/shop/files/STORES2d69.png]
[www.ecomhubtheme.com/cdn/shop/files/premade-dropshipping-store-review-1.webpc62e.jpg]
[www.ecomhubtheme.com/cdn/shop/files/premade-dropshipping-store-review-1.webpb490.jpg]
[www.ecomhubtheme.com/cdn/shop/files/premade-dropshipping-store-review-1.webp77bd.jpg]
[www.ecomhubtheme.com/cdn/shop/files/STORES886a.png]
[www.ecomhubtheme.com/cdn/shop/files/STORES14bb.png]
[www.ecomhubtheme.com/cdn/shop/files/STORES8528.png]
[www.ecomhubtheme.com/cdn/shop/files/premade-dropshipping-store-review-1.webpab15.jpg]
[www.ecomhubtheme.com/cdn/shop/files/premade-dropshipping-store-review-1.webp81d2.jpg]
[www.ecomhubtheme.com/cdn/shop/files/premade-dropshipping-store-review-1.webp2bc7.jpg]
[www.ecomhubtheme.com/cdn/shop/files/premade-dropshipping-store-review-1.webp8d2f.jpg]
[www.ecomhubtheme.com/cdn/shop/files/Copy_of_Copy_of_ADD_SECTION_161200.png]
[www.ecomhubtheme.com/cdn/shop/files/premade-dropshipping-store-review-1.webpd302.jpg]
[www.ecomhubtheme.com/cdn/shop/files/premade-dropshipping-store-review-1.webp11fc.jpg]
[www.ecomhubtheme.com/cdn/shop/files/premade-dropshipping-store-review-1.webpcb0c.jpg]
[www.ecomhubtheme.com/cdn/shop/files/premade-dropshipping-store-review-1.webp3e20.jpg]
[www.ecomhubtheme.com/cdn/shop/files/premade-dropshipping-store-review-1.webp5dbb.jpg]
[www.ecomhubtheme.com/cdn/shop/files/4_f0bd609d-6f6c-41b9-ba46-10464b2c91311b9e.png]
[www.ecomhubtheme.com/cdn/shop/files/4_f0bd609d-6f6c-41b9-ba46-10464b2c9131db37.png]
[www.ecomhubtheme.com/cdn/shop/files/4_f0bd609d-6f6c-41b9-ba46-10464b2c9131ac3c.png]
[www.ecomhubtheme.com/cdn/shop/files/4_f0bd609d-6f6c-41b9-ba46-10464b2c9131814a.png]
[www.ecomhubtheme.com/cdn/shop/files/4_f0bd609d-6f6c-41b9-ba46-10464b2c9131ab9d.png]
[www.ecomhubtheme.com/cdn/shop/files/4_f0bd609d-6f6c-41b9-ba46-10464b2c91316c1e.png]
[www.ecomhubtheme.com/cdn/shop/files/STORES3ae1.png]
[www.ecomhubtheme.com/cdn/shop/files/Copy_of_Copy_of_ADD_SECTION_8c497.png]
[www.ecomhubtheme.com/cdn/shop/files/STORES5cf5.png]
[www.ecomhubtheme.com/cdn/shop/files/Copy_of_Copy_of_ADD_SECTION_160632.png]
[www.ecomhubtheme.com/cdn/shop/files/Copy_of_Copy_of_ADD_SECTION_163802.png]
[www.ecomhubtheme.com/cdn/shop/files/Copy_of_Copy_of_ADD_SECTION_162334.png]
[www.ecomhubtheme.com/cdn/shop/files/Copy_of_Copy_of_ADD_SECTION_84788.png]
[www.ecomhubtheme.com/cdn/shop/files/Copy_of_Copy_of_ADD_SECTION_8554f.png]
[www.ecomhubtheme.com/cdn/shop/files/Copy_of_Copy_of_ADD_SECTION_863da.png]
[www.ecomhubtheme.com/cdn/shop/files/Copy_of_Copy_of_ADD_SECTION_8267e.png]
[www.ecomhubtheme.com/cdn/shop/files/Copy_of_Copy_of_ADD_SECTION_8fad0.png]
[www.ecomhubtheme.com/cdn/shop/files/Copy_of_Copy_of_ADD_SECTION_16d4b3.png]
[www.ecomhubtheme.com/cdn/shop/files/Copy_of_Copy_of_ADD_SECTION_15e7dd.png]
[www.ecomhubtheme.com/cdn/shop/files/Copy_of_Copy_of_ADD_SECTION_161902.png]
[www.ecomhubtheme.com/cdn/shop/files/Copy_of_Copy_of_ADD_SECTION_15b3ec.png]
[www.ecomhubtheme.com/cdn/shop/files/Copy_of_Copy_of_ADD_SECTION_16c6dc.png]
[www.ecomhubtheme.com/cdn/shop/files/Copy_of_Copy_of_ADD_SECTION_15d1ed.png]
[www.ecomhubtheme.com/cdn/shop/files/Copy_of_Copy_of_ADD_SECTION_15ce23.png]
[www.ecomhubtheme.com/cdn/shop/files/Copy_of_Copy_of_ADD_SECTION_15f037.png]
[www.ecomhubtheme.com/cdn/shop/files/Copy_of_Copy_of_ADD_SECTION_151854.png]
[www.ecomhubtheme.com/cdn/shop/files/Copy_of_Copy_of_ADD_SECTION_153fd4.png]
[www.ecomhubtheme.com/cdn/shop/files/4_f0bd609d-6f6c-41b9-ba46-10464b2c913179b0.png]
[www.ecomhubtheme.com/cdn/shop/files/Copy_of_Copy_of_ADD_SECTION_131cb0.png]
[www.ecomhubtheme.com/cdn/shop/files/Copy_of_Copy_of_ADD_SECTION_8a91b.png]
[www.ecomhubtheme.com/cdn/shop/files/Copy_of_Copy_of_ADD_SECTION_138946.png]
[www.ecomhubtheme.com/cdn/shop/files/Copy_of_Copy_of_ADD_SECTION_1384b1.png]
[www.ecomhubtheme.com/cdn/shop/files/Copy_of_Copy_of_ADD_SECTION_139d6d.png]
[www.ecomhubtheme.com/cdn/shop/files/Copy_of_Copy_of_ADD_SECTION_139acd.png]
[www.ecomhubtheme.com/cdn/shop/files/Copy_of_Copy_of_ADD_SECTION_13684a.png]
[www.ecomhubtheme.com/cdn/shop/files/Copy_of_Copy_of_ADD_SECTION_13ce8d.png]
[www.ecomhubtheme.com/cdn/shop/files/Copy_of_Copy_of_ADD_SECTION_75627.png]
[www.ecomhubtheme.com/cdn/shop/files/Copy_of_Copy_of_ADD_SECTION_79dc0.png]
[www.ecomhubtheme.com/cdn/shop/files/Copy_of_Copy_of_ADD_SECTION_7cf99.png]
[www.ecomhubtheme.com/cdn/shop/files/Copy_of_Copy_of_ADD_SECTION_74537.png]
[www.ecomhubtheme.com/cdn/shop/files/Copy_of_Copy_of_ADD_SECTION_75808.png]
[www.ecomhubtheme.com/cdn/shop/files/Copy_of_Copy_of_ADD_SECTION_754e8.png]
[www.ecomhubtheme.com/cdn/shop/files/Copy_of_Copy_of_ADD_SECTION_7c46f.png]
[www.ecomhubtheme.com/cdn/shop/files/Untitled_design_1098bf4.png]
[www.ecomhubtheme.com/cdn/shop/files/Untitled_design_1090a03.png]
[www.ecomhubtheme.com/cdn/shop/files/Untitled_design_109e2b8.png]
[www.ecomhubtheme.com/cdn/shop/files/Untitled_design_1095ba5.png]
[www.ecomhubtheme.com/cdn/shop/files/Untitled_design_109ee32.png]
[www.ecomhubtheme.com/cdn/shop/files/Untitled_design_10950c9.png]
[www.ecomhubtheme.com/cdn/shop/files/Untitled_design_109d72d.png]
[www.ecomhubtheme.com/cdn/shop/files/Untitled_design_1108bf4.png]
[www.ecomhubtheme.com/cdn/shop/files/Untitled_design_1100a03.png]
[www.ecomhubtheme.com/cdn/shop/files/Untitled_design_110e2b8.png]
[www.ecomhubtheme.com/cdn/shop/files/Untitled_design_1105ba5.png]
[www.ecomhubtheme.com/cdn/shop/files/Untitled_design_110ee32.png]
[www.ecomhubtheme.com/cdn/shop/files/Untitled_design_11050c9.png]
[www.ecomhubtheme.com/cdn/shop/files/Untitled_design_110d72d.png]
[www.ecomhubtheme.com/cdn/shop/files/Untitled_design_1068bf4.png]
[www.ecomhubtheme.com/cdn/shop/files/Untitled_design_1060a03.png]
[www.ecomhubtheme.com/cdn/shop/files/Untitled_design_106e2b8.png]
[www.ecomhubtheme.com/cdn/shop/files/Untitled_design_1065ba5.png]
[www.ecomhubtheme.com/cdn/shop/files/Untitled_design_106ee32.png]
[www.ecomhubtheme.com/cdn/shop/files/Untitled_design_10650c9.png]
[www.ecomhubtheme.com/cdn/shop/files/Untitled_design_106d72d.png]
[www.ecomhubtheme.com/cdn/shop/files/Untitled_design_1088bf4.png]
[www.ecomhubtheme.com/cdn/shop/files/Untitled_design_1080a03.png]
[www.ecomhubtheme.com/cdn/shop/files/Untitled_design_108e2b8.png]
[www.ecomhubtheme.com/cdn/shop/files/Untitled_design_1085ba5.png]
[www.ecomhubtheme.com/cdn/shop/files/Untitled_design_108ee32.png]
[www.ecomhubtheme.com/cdn/shop/files/Untitled_design_10850c9.png]
[www.ecomhubtheme.com/cdn/shop/files/Untitled_design_108d72d.png]
[www.ecomhubtheme.com/cdn/shop/files/pre-built-shopify-store-review_d6d5f597-2af2-4e57-86f4-14d006f1ebd8-1.webp5c21.jpg]
[www.ecomhubtheme.com/cdn/shop/files/pre-built-shopify-store-review_d6d5f597-2af2-4e57-86f4-14d006f1ebd8-1.webp0557.jpg]
[www.ecomhubtheme.com/cdn/shop/files/pre-built-shopify-store-review_d6d5f597-2af2-4e57-86f4-14d006f1ebd8-1.webp7e75.jpg]
[www.ecomhubtheme.com/cdn/shop/files/pre-built-shopify-store-review_d6d5f597-2af2-4e57-86f4-14d006f1ebd8-1.webpf728.jpg]
[www.ecomhubtheme.com/cdn/shop/files/growthstore5333.png]
[www.ecomhubtheme.com/cdn/shop/files/pre-built-shopify-store-review_d6d5f597-2af2-4e57-86f4-14d006f1ebd8-1.webpd151.jpg]
[www.ecomhubtheme.com/cdn/shop/files/growthstore45fa.png]
[www.ecomhubtheme.com/cdn/shop/files/growthstoreac86.png]
[www.ecomhubtheme.com/cdn/shop/files/growthstore2f7c.png]
[www.ecomhubtheme.com/cdn/shop/files/growthstore2e5c.png]
[www.ecomhubtheme.com/cdn/shop/files/growthstoree783.png]
[www.ecomhubtheme.com/cdn/shop/files/growthstore76fd.png]
[www.ecomhubtheme.com/cdn/shop/files/pre-built-shopify-store-review_d6d5f597-2af2-4e57-86f4-14d006f1ebd8-1.webpf6d9.jpg]
[www.ecomhubtheme.com/cdn/shop/files/STARTER_1016bc.png]
[www.ecomhubtheme.com/cdn/shop/files/premade-dropshipping-store-review-1.webp5c21.jpg]
[www.ecomhubtheme.com/cdn/shop/files/pre-built-shopify-store-review_d6d5f597-2af2-4e57-86f4-14d006f1ebd8-1.webpdc7f.jpg]
[www.ecomhubtheme.com/cdn/shop/files/STARTER_10abc6.png]
[www.ecomhubtheme.com/cdn/shop/files/premade-dropshipping-store-review-1.webp0557.jpg]
[www.ecomhubtheme.com/cdn/shop/files/STARTER_1076bf.png]
[www.ecomhubtheme.com/cdn/shop/files/STARTER_10b1a0.png]
[www.ecomhubtheme.com/cdn/shop/files/STARTER_1031bc.png]
[www.ecomhubtheme.com/cdn/shop/files/STARTER_10d894.png]
[www.ecomhubtheme.com/cdn/shop/files/premade-dropshipping-store-review-1.webpf728.jpg]
[www.ecomhubtheme.com/cdn/shop/files/premade-dropshipping-store-review-1.webp7e75.jpg]
[www.ecomhubtheme.com/cdn/shop/files/1_c6725c19-1510-496a-bcd5-c16da5acb91b905a.png]
[www.ecomhubtheme.com/cdn/shop/files/premade-dropshipping-store-review-1.webpd151.jpg]
[www.ecomhubtheme.com/cdn/shop/files/2_14a5d0ca-1cf5-4374-b63e-17a6db6355f46412.png]
[www.ecomhubtheme.com/cdn/shop/files/premade-dropshipping-store-review-1.webpf6d9.jpg]
[www.ecomhubtheme.com/cdn/shop/files/3_5414782d-42b6-4a54-8093-5cf9c0ec6afe6412.png]
[www.ecomhubtheme.com/cdn/shop/files/premade-dropshipping-store-review-1.webpdc7f.jpg]
[www.ecomhubtheme.com/cdn/shop/files/STARTER_116efd.png]
[www.ecomhubtheme.com/cdn/shop/files/STARTER_1138f5.png]
[www.ecomhubtheme.com/cdn/shop/files/STARTER_1001a7.png]
[www.ecomhubtheme.com/cdn/shop/files/STARTER_11219d.png]
[www.ecomhubtheme.com/cdn/shop/files/STORESfeac.png]
[www.ecomhubtheme.com/cdn/shop/files/STORES8577.png]
[www.ecomhubtheme.com/cdn/shop/files/STORESba63.png]
[www.ecomhubtheme.com/cdn/shop/files/STORES5642.png]
[www.ecomhubtheme.com/cdn/shop/files/STORES0fb2.png]
[www.ecomhubtheme.com/cdn/shop/files/STORESa10c.png]
[www.ecomhubtheme.com/cdn/shop/files/Copy_of_Copy_of_ADD_SECTION_160075.png]
[www.ecomhubtheme.com/cdn/shop/files/Copy_of_Copy_of_ADD_SECTION_16ef21.png]
[www.ecomhubtheme.com/cdn/shop/files/Copy_of_Copy_of_ADD_SECTION_1621d5.png]
[www.ecomhubtheme.com/cdn/shop/files/Copy_of_Copy_of_ADD_SECTION_166e46.png]
[www.ecomhubtheme.com/cdn/shop/files/Copy_of_Copy_of_ADD_SECTION_162bf7.png]
[www.ecomhubtheme.com/cdn/shop/files/Copy_of_Copy_of_ADD_SECTION_16607d.png]
[www.ecomhubtheme.com/cdn/shop/files/Copy_of_Copy_of_ADD_SECTION_16528d.png]
[www.ecomhubtheme.com/cdn/shop/files/4_f0bd609d-6f6c-41b9-ba46-10464b2c91317ba3.png]
[www.ecomhubtheme.com/cdn/shop/files/4_f0bd609d-6f6c-41b9-ba46-10464b2c913158c9.png]
[www.ecomhubtheme.com/cdn/shop/files/4_f0bd609d-6f6c-41b9-ba46-10464b2c9131d84f.png]
[www.ecomhubtheme.com/cdn/shop/files/4_f0bd609d-6f6c-41b9-ba46-10464b2c9131f9b8.png]
[www.ecomhubtheme.com/cdn/shop/files/4_f0bd609d-6f6c-41b9-ba46-10464b2c91318410.png]
[www.ecomhubtheme.com/cdn/shop/files/4_f0bd609d-6f6c-41b9-ba46-10464b2c91311b4a.png]
[www.ecomhubtheme.com/cdn/shop/files/Copy_of_Copy_of_ADD_SECTION_87f44.png]
[www.ecomhubtheme.com/cdn/shop/files/Copy_of_Copy_of_ADD_SECTION_8e4c6.png]
[www.ecomhubtheme.com/cdn/shop/files/Copy_of_Copy_of_ADD_SECTION_870ec.png]
[www.ecomhubtheme.com/cdn/shop/files/Copy_of_Copy_of_ADD_SECTION_8d203.png]
[www.ecomhubtheme.com/cdn/shop/files/Copy_of_Copy_of_ADD_SECTION_8cb9f.png]
[www.ecomhubtheme.com/cdn/shop/files/Copy_of_Copy_of_ADD_SECTION_86090.png]
[www.ecomhubtheme.com/cdn/shop/files/Copy_of_Copy_of_ADD_SECTION_86e20.png]
[www.ecomhubtheme.com/cdn/shop/files/Copy_of_Copy_of_ADD_SECTION_1590b3.png]
[www.ecomhubtheme.com/cdn/shop/files/Copy_of_Copy_of_ADD_SECTION_150bae.png]
[www.ecomhubtheme.com/cdn/shop/files/Copy_of_Copy_of_ADD_SECTION_15f4ea.png]
[www.ecomhubtheme.com/cdn/shop/files/Copy_of_Copy_of_ADD_SECTION_152479.png]
[www.ecomhubtheme.com/cdn/shop/files/Copy_of_Copy_of_ADD_SECTION_15c9b2.png]
[www.ecomhubtheme.com/cdn/shop/files/Copy_of_Copy_of_ADD_SECTION_151695.png]
[www.ecomhubtheme.com/cdn/shop/files/Copy_of_Copy_of_ADD_SECTION_1525e6.png]
[www.ecomhubtheme.com/cdn/shop/files/Copy_of_Copy_of_ADD_SECTION_1360e0.png]
[www.ecomhubtheme.com/cdn/shop/files/Copy_of_Copy_of_ADD_SECTION_13a472.png]
[www.ecomhubtheme.com/cdn/shop/files/Copy_of_Copy_of_ADD_SECTION_13a4d7.png]
[www.ecomhubtheme.com/cdn/shop/files/Copy_of_Copy_of_ADD_SECTION_13bc9e.png]
[www.ecomhubtheme.com/cdn/shop/files/Copy_of_Copy_of_ADD_SECTION_13445c.png]
[www.ecomhubtheme.com/cdn/shop/files/Copy_of_Copy_of_ADD_SECTION_130644.png]
[www.ecomhubtheme.com/cdn/shop/files/Copy_of_Copy_of_ADD_SECTION_13d592.png]
[www.ecomhubtheme.com/cdn/shop/files/Copy_of_Copy_of_ADD_SECTION_74e55.png]
[www.ecomhubtheme.com/cdn/shop/files/Copy_of_Copy_of_ADD_SECTION_7dd0f.png]
[www.ecomhubtheme.com/cdn/shop/files/Copy_of_Copy_of_ADD_SECTION_7c751.png]
[www.ecomhubtheme.com/cdn/shop/files/Copy_of_Copy_of_ADD_SECTION_757a7.png]
[www.ecomhubtheme.com/cdn/shop/files/Copy_of_Copy_of_ADD_SECTION_74f8f.png]
[www.ecomhubtheme.com/cdn/shop/files/Copy_of_Copy_of_ADD_SECTION_78a22.png]
[www.ecomhubtheme.com/cdn/shop/files/Untitled_design_109db1e.png]
[www.ecomhubtheme.com/cdn/shop/files/Untitled_design_109e16f.png]
[www.ecomhubtheme.com/cdn/shop/files/Untitled_design_1098f75.png]
[www.ecomhubtheme.com/cdn/shop/files/Untitled_design_110db1e.png]
[www.ecomhubtheme.com/cdn/shop/files/Untitled_design_110e16f.png]
[www.ecomhubtheme.com/cdn/shop/files/Untitled_design_1108f75.png]
[www.ecomhubtheme.com/cdn/shop/files/Untitled_design_106db1e.png]
[www.ecomhubtheme.com/cdn/shop/files/Untitled_design_106e16f.png]
[www.ecomhubtheme.com/cdn/shop/files/Untitled_design_1068f75.png]
[www.ecomhubtheme.com/cdn/shop/files/Untitled_design_108db1e.png]
[www.ecomhubtheme.com/cdn/shop/files/Untitled_design_108e16f.png]
[www.ecomhubtheme.com/cdn/shop/files/Untitled_design_1088f75.png]
[www.ecomhubtheme.com/cdn/shop/files/pre-built-shopify-store-review_d6d5f597-2af2-4e57-86f4-14d006f1ebd8-1.webpad57.jpg]
[www.ecomhubtheme.com/cdn/shop/files/pre-built-shopify-store-review_d6d5f597-2af2-4e57-86f4-14d006f1ebd8-1.webp6d13.jpg]
[www.ecomhubtheme.com/cdn/shop/files/pre-built-shopify-store-review_d6d5f597-2af2-4e57-86f4-14d006f1ebd8-1.webp7a55.jpg]
[www.ecomhubtheme.com/cdn/shop/files/premade-dropshipping-store-review-1.webpad57.jpg]
[www.ecomhubtheme.com/cdn/shop/files/premade-dropshipping-store-review-1.webp6d13.jpg]
[www.ecomhubtheme.com/cdn/shop/files/growthstoreed6b.png]
[www.ecomhubtheme.com/cdn/shop/files/growthstore0cb8.png]
[www.ecomhubtheme.com/cdn/shop/files/premade-dropshipping-store-review-1.webp7a55.jpg]
[www.ecomhubtheme.com/cdn/shop/files/growthstore4e70.png]
[www.ecomhubtheme.com/cdn/shop/files/growthstorea60a.png]
[www.ecomhubtheme.com/cdn/shop/files/growthstore1a30.png]
[www.ecomhubtheme.com/cdn/shop/files/growthstore4d5f.png]
[www.ecomhubtheme.com/cdn/shop/files/growthstore7940.png]
[www.ecomhubtheme.com/cdn/shop/files/growthstore8f14.png]
[www.ecomhubtheme.com/cdn/shop/files/STARTER_108ab6.png]
[www.ecomhubtheme.com/cdn/shop/files/STARTER_10a801.png]
[www.ecomhubtheme.com/cdn/shop/files/STARTER_10e4d7.png]
[www.ecomhubtheme.com/cdn/shop/files/STARTER_1092fb.png]
[www.ecomhubtheme.com/cdn/shop/files/STARTER_109f9a.png]
[www.ecomhubtheme.com/cdn/shop/files/STARTER_10a35c.png]
[www.ecomhubtheme.com/cdn/shop/files/STARTER_1047ce.png]
[www.ecomhubtheme.com/cdn/shop/files/STARTER_10db53.png]
[www.ecomhubtheme.com/products/ecomhub-pro-dropshipping-store.html]
[www.ecomhubtheme.com/pages/contact.html]
[www.ecomhubtheme.com/cart.html]
[www.ecomhubtheme.com/cdn/shop/t/626/assets/ehp-drawer601e.css]
[www.ecomhubtheme.com/cdn/shop/t/626/assets/ehp-header-contrastd78b.js]
[www.ecomhubtheme.com/cdn/shop/t/626/assets/ehp-sections1bd7.css]
[www.ecomhubtheme.com/cdn/shop/t/626/assets/ehp-fb-tickerd767.css]
[www.ecomhubtheme.com/cdn/shop/t/626/assets/ehp-sectionsa032.js]
[www.ecomhubtheme.com/cdn/shop/t/626/assets/section-image-banner6e36.css]
[www.ecomhubtheme.com/cdn/shop/t/626/assets/ehp-divider0486.css]
[www.ecomhubtheme.com/cdn/shop/t/626/assets/ehp-featured-onbf05.css]
[www.ecomhubtheme.com/cdn/shop/t/626/assets/ehp-featured-oncebc.js]
[www.ecomhubtheme.com/cdn/shop/t/626/assets/ehp-tp-tickerab4b.css]
[www.ecomhubtheme.com/cdn/shop/t/626/assets/ehp-tp-carouselbb8f.css]
[www.ecomhubtheme.com/cdn/shop/t/626/assets/ehp-tp-carousel3c18.js]
[www.ecomhubtheme.com/cdn/shop/t/626/assets/component-image-with-text4416.css]
[www.ecomhubtheme.com/cdn/shop/t/626/assets/ehp-comparisonc80d.css]
[www.ecomhubtheme.com/cdn/shop/t/626/assets/ehp-icb-base496b.css]
[www.ecomhubtheme.com/cdn/shop/t/626/assets/ehp-icb-carousel2a47.css]
[www.ecomhubtheme.com/cdn/shop/t/626/assets/ehp-icb-cardf77b.css]
[www.ecomhubtheme.com/cdn/shop/t/626/assets/ehp-icb-carousel2f10.js]
[www.ecomhubtheme.com/cdn/shop/t/626/assets/section-footer538f.css]
[www.ecomhubtheme.com/cdn/shop/t/626/assets/component-newsletterfec1.css]
[www.ecomhubtheme.com/cdn/shop/t/626/assets/component-list-paymentef74.css]
[www.ecomhubtheme.com/cdn/shop/t/626/assets/component-list-social822b.css]
[www.ecomhubtheme.com/pages/about-us.html]
[www.ecomhubtheme.com/pages/collab.html]
[cdn.shopify.com/s/files/1/0771/6205/3816/files/Copy_of_Copy_of_ADD_SECTION_129047.png]
[cdn.shopify.com/s/files/1/0771/6205/3816/files/Untitled_design_45259b8.png]
[www.ecomhubtheme.com/policies/terms-of-service.html]
[cdn.shopify.com/s/files/1/0771/6205/3816/files/1_b01adf52-299f-4d09-afc2-35a69b11aa00af59.png]
[cdn.shopify.com/s/files/1/0771/6205/3816/files/1_d6252691-b528-4988-ab49-8f322f46503185f4.png]
[www.ecomhubtheme.com/policies/refund-policy.html]
[www.ecomhubtheme.com/policies/privacy-policy.html]
[www.ecomhubtheme.com/policies/legal-notice.html]
[www.ecomhubtheme.com/policies/contact-information.html]
[www.ecomhubtheme.com/cdn/shop/t/626/assets/predictive-searchdcfc.js]
[www.ecomhubtheme.com/cdn/shop/t/626/assets/cart-drawerce6d.js]
[www.ecomhubtheme.com/cdn/shop/t/626/assets/ehp-securitydb50.css]
[www.ecomhubtheme.com/cdn/shop/t/626/assets/ehp-securityfb7c.js]
[www.ecomhubtheme.com/cart.js]
[cdn.shopify.com/storefront/standard-actions.js]
[www.ecomhubtheme.com/cdn/shopifycloud/checkout-web/assets/c1/app-legacy.DMdN3QJP.js]
[www.ecomhubtheme.com/cdn/shopifycloud/checkout-web/assets/c1/2c1ab0fe-legacy.94Ae8QJv.js]
[www.ecomhubtheme.com/cdn/shopifycloud/checkout-web/assets/c1/6a2fc6d6-legacy.CEsw4dyb.js]
[www.ecomhubtheme.com/cdn/shopifycloud/checkout-web/assets/c1/4c290a1e-legacy.CTRCZGIG.js]
[www.ecomhubtheme.com/cdn/shopifycloud/checkout-web/assets/c1/bb728e1c-legacy.1jFgWwXl.js]
[www.ecomhubtheme.com/cdn/shopifycloud/checkout-web/assets/c1/cf29e63b-legacy.DVcEGKAz.js]
[www.ecomhubtheme.com/cdn/shopifycloud/checkout-web/assets/c1/cb38e5c2-legacy.D7hmfloA.js]
[www.ecomhubtheme.com/cdn/shopifycloud/checkout-web/assets/c1/413b21e2-legacy.Dw1BSA-B.js]
[www.ecomhubtheme.com/cdn/shopifycloud/checkout-web/assets/c1/e477f96c-legacy.CndM1CCr.js]
[www.ecomhubtheme.com/cdn/shopifycloud/checkout-web/assets/c1/2255f8fa-legacy.BIGxxhH_.js]
[www.ecomhubtheme.com/cdn/shopifycloud/checkout-web/assets/c1/b8733b27-legacy.lCQU0wum.js]
[www.ecomhubtheme.com/cdn/shopifycloud/checkout-web/assets/c1/e39bc11c-legacy.DofM9o7g.js]
[www.ecomhubtheme.com/cdn/shopifycloud/checkout-web/assets/c1/08a3b809-legacy.BsV44NSN.js]
[www.ecomhubtheme.com/cdn/shopifycloud/checkout-web/assets/c1/bff2ff9b-legacy.CWhvBd9p.js]
[www.ecomhubtheme.com/cdn/shopifycloud/checkout-web/assets/c1/5fda1420-legacy.BNeph69H.js]
[www.ecomhubtheme.com/cdn/shopifycloud/checkout-web/assets/c1/164ad2e3-legacy.XoSZtj84.js]
[www.ecomhubtheme.com/cdn/shopifycloud/checkout-web/assets/c1/9f047e05-legacy.Du16COXD.js]
[www.ecomhubtheme.com/cdn/shopifycloud/checkout-web/assets/c1/0a7dffce-legacy.COotg-X-.js]
[www.ecomhubtheme.com/cdn/shopifycloud/checkout-web/assets/c1/60a453ce-legacy.C_gvu1Jx.js]
[www.ecomhubtheme.com/cdn/shopifycloud/checkout-web/assets/c1/21cc90a2-legacy.L47G-Njn.js]
[www.ecomhubtheme.com/cdn/shopifycloud/checkout-web/assets/c1/fb3b4968-legacy.B5S6TuBC.js]
[www.ecomhubtheme.com/cdn/shopifycloud/checkout-web/assets/c1/f8706cb6-legacy.Dhsg7qux.js]
[www.ecomhubtheme.com/cdn/shopifycloud/checkout-web/assets/c1/dffdfb34-legacy.CXur1pvJ.js]
[www.ecomhubtheme.com/cdn/shopifycloud/checkout-web/assets/c1/31cc568e-legacy.BqIr0rV3.js]
[www.ecomhubtheme.com/cdn/shopifycloud/checkout-web/assets/c1/0c0ad074-legacy.B2JmEcQH.js]
[www.ecomhubtheme.com/cdn/shopifycloud/checkout-web/assets/c1/53bbdad9-legacy.Cf_Cidze.js]
[www.ecomhubtheme.com/cdn/shopifycloud/checkout-web/assets/c1/945a08d6-legacy.6NDSDi8X.js]
[www.ecomhubtheme.com/cdn/shopifycloud/checkout-web/assets/c1/2fdb3dd3-legacy.B5muoIaJ.js]
[www.ecomhubtheme.com/cdn/shopifycloud/checkout-web/assets/c1/0e67bd3b-legacy.B9O__3s0.js]
[www.ecomhubtheme.com/cdn/shopifycloud/checkout-web/assets/c1/74835653-legacy.CX-1ya5e.js]
[www.ecomhubtheme.com/cdn/shopifycloud/checkout-web/assets/c1/29034f35-legacy.BWluRZ-V.js]
[www.ecomhubtheme.com/cdn/shopifycloud/checkout-web/assets/c1/ac5a19ff-legacy.D2qtRdup.js]
[www.ecomhubtheme.com/cdn/shopifycloud/checkout-web/assets/c1/47b970b2-legacy.CO9U_MVI.js]
[www.ecomhubtheme.com/cdn/shopifycloud/checkout-web/assets/c1/0727407f-legacy.CXV1gUn4.js]
[www.ecomhubtheme.com/cdn/shopifycloud/checkout-web/assets/c1/064f6ac1-legacy.DKTUEAPa.js]
[www.ecomhubtheme.com/cdn/shopifycloud/checkout-web/assets/c1/efa0389a-legacy.C7B3G4iC.js]
[www.ecomhubtheme.com/cdn/shopifycloud/checkout-web/assets/c1/f1968089-legacy.Co-42SP4.js]
[www.ecomhubtheme.com/cdn/shopifycloud/checkout-web/assets/c1/55098bf1-legacy.CVTiqREq.js]
[www.ecomhubtheme.com/cdn/shopifycloud/checkout-web/assets/c1/cb5cf153-legacy.B0GjViPn.js]
[www.ecomhubtheme.com/cdn/shopifycloud/checkout-web/assets/c1/e3e348f2-legacy.CHLxIwFI.js]
[www.ecomhubtheme.com/cdn/shopifycloud/checkout-web/assets/c1/ca5e9c49-legacy.3MTX2EH5.js]
[www.ecomhubtheme.com/cdn/shopifycloud/checkout-web/assets/c1/ed9f2238-legacy.CUYwLSmh.js]
[www.ecomhubtheme.com/cdn/shopifycloud/checkout-web/assets/c1/ccdf3592-legacy.AcdeBLQN.js]
[www.ecomhubtheme.com/cdn/shopifycloud/checkout-web/assets/c1/a422df8c-legacy.CPxnj_3m.js]
[www.ecomhubtheme.com/cdn/shopifycloud/checkout-web/assets/c1/79974aab-legacy.I_lnsyGW.js]
[www.ecomhubtheme.com/cdn/shopifycloud/checkout-web/assets/c1/7b0c98ea-legacy.Sz3qc44v.js]
[www.ecomhubtheme.com/cdn/shopifycloud/checkout-web/assets/c1/d22d2b80-legacy.Cvgef0Jl.js]
[www.ecomhubtheme.com/cdn/shopifycloud/checkout-web/assets/c1/f49d4216-legacy.CeVmR9Wa.js]
[www.ecomhubtheme.com/cdn/shopifycloud/checkout-web/assets/c1/0e9ee714-legacy.BE9O2lhs.js]
[www.ecomhubtheme.com/cdn/shopifycloud/checkout-web/assets/c1/39921a74-legacy.CWTVPFEA.js]
[www.ecomhubtheme.com/cdn/shopifycloud/checkout-web/assets/c1/ec391382-legacy.Bmjaaike.js]
[www.ecomhubtheme.com/cdn/shopifycloud/checkout-web/assets/c1/f3fe2775-legacy.CJ4-lT8B.js]
[www.ecomhubtheme.com/cdn/shopifycloud/checkout-web/assets/c1/598fef4e-legacy.C4wD7Oyi.js]
[www.ecomhubtheme.com/cdn/shopifycloud/checkout-web/assets/c1/e77f7fe0-legacy.C7vHhHnn.js]
[www.ecomhubtheme.com/cdn/shopifycloud/checkout-web/assets/c1/cc6ff67d-legacy.CwwCo_-J.js]
[www.ecomhubtheme.com/cdn/shopifycloud/checkout-web/assets/c1/87bfafec-legacy.BIJg4Nbc.js]
[www.ecomhubtheme.com/cdn/shopifycloud/checkout-web/assets/c1/dfca5da5-legacy.DfspMnCv.js]
[www.ecomhubtheme.com/cdn/shopifycloud/checkout-web/assets/c1/6720fa5f-legacy.CAsgk82q.js]
[www.ecomhubtheme.com/cdn/shopifycloud/checkout-web/assets/c1/01973ac7-legacy.Dkn9qYH5.js]
[www.ecomhubtheme.com/cdn/shopifycloud/checkout-web/assets/c1/58314944-legacy.BxOq2ABo.js]
[www.ecomhubtheme.com/cdn/shopifycloud/checkout-web/assets/c1/7a8217fd-legacy.BUHhtkXX.js]
[www.ecomhubtheme.com/cdn/shopifycloud/checkout-web/assets/c1/2b89a178-legacy.PxdFFS_-.js]
[www.ecomhubtheme.com/cdn/shopifycloud/checkout-web/assets/c1/b684bff6-legacy.DoSj86dR.js]
[www.ecomhubtheme.com/cdn/shopifycloud/checkout-web/assets/c1/910cd6e2-legacy.BA5SG9xu.js]
[www.ecomhubtheme.com/cdn/shopifycloud/checkout-web/assets/c1/347b440c-legacy.Dwvl79O-.js]
[www.ecomhubtheme.com/cdn/shopifycloud/checkout-web/assets/c1/d5d34b3b-legacy.Crl6QeMf.js]
[www.ecomhubtheme.com/cdn/shopifycloud/checkout-web/assets/c1/181d38d3-legacy.BYrH5NHQ.js]
[www.ecomhubtheme.com/cdn/shopifycloud/checkout-web/assets/c1/d6447d9e-legacy.CQViWk0E.js]
[www.ecomhubtheme.com/cdn/shopifycloud/checkout-web/assets/c1/f51e663e-legacy.dl2_ybfg.js]
[www.ecomhubtheme.com/cdn/shopifycloud/checkout-web/assets/c1/64de7b49-legacy.CD8RYlO6.js]
[www.ecomhubtheme.com/cdn/shopifycloud/checkout-web/assets/c1/8e79be58-legacy.Dyqf4lHy.js]
[www.ecomhubtheme.com/cdn/shopifycloud/checkout-web/assets/c1/90e26f5f-legacy.DXOPYrlI.js]
[www.ecomhubtheme.com/cdn/shopifycloud/checkout-web/assets/c1/f3e117aa-legacy.BepVEZxw.js]
[www.ecomhubtheme.com/cdn/shopifycloud/checkout-web/assets/c1/a25deb9a-legacy.BOtbsskl.js]
[www.ecomhubtheme.com/cdn/shopifycloud/checkout-web/assets/c1/7aefefff-legacy.BMx7rFYJ.js]
[www.ecomhubtheme.com/cdn/shopifycloud/checkout-web/assets/c1/a535174a-legacy.DbIXAm8c.js]
[www.ecomhubtheme.com/cdn/shopifycloud/checkout-web/assets/c1/5fd968f2-legacy.jIeIi-Z9.js]
[www.ecomhubtheme.com/cdn/shopifycloud/checkout-web/assets/c1/73a9b0a0-legacy.CBifIDC6.js]
[www.ecomhubtheme.com/cdn/shopifycloud/checkout-web/assets/c1/91319467-legacy.zE-ojWH3.js]
[www.ecomhubtheme.com/cdn/shopifycloud/checkout-web/assets/c1/86720dbb-legacy.BmrwFl5b.js]
[www.ecomhubtheme.com/cdn/shopifycloud/checkout-web/assets/c1/7114e006-legacy.BIgsuTIh.js]
[www.ecomhubtheme.com/cdn/shopifycloud/checkout-web/assets/c1/f692f62f-legacy.C03fNGu1.js]
[www.ecomhubtheme.com/cdn/shopifycloud/checkout-web/assets/c1/e0989459-legacy.B9JOr3bj.js]
[www.ecomhubtheme.com/cdn/shopifycloud/checkout-web/assets/c1/fc21c11a-legacy.8UekEKuh.js]
[www.ecomhubtheme.com/cdn/shopifycloud/checkout-web/assets/c1/4ea44c06-legacy.CkICDWmD.js]
[www.ecomhubtheme.com/cdn/shopifycloud/checkout-web/assets/c1/1ed8f5e3-legacy.CwT131hv.js]
[www.ecomhubtheme.com/cdn/shopifycloud/checkout-web/assets/c1/7ee73f43-legacy.CgYJz2dQ.js]
[www.ecomhubtheme.com/cdn/shopifycloud/checkout-web/assets/c1/c10167e6-legacy.CPPspdwC.js]
[www.ecomhubtheme.com/cdn/shopifycloud/checkout-web/assets/c1/b9c0319a-legacy.BsUHRDnc.js]
[www.ecomhubtheme.com/cdn/shopifycloud/checkout-web/assets/c1/3a819064-legacy.CWbRRp2U.js]
[www.ecomhubtheme.com/cdn/shopifycloud/checkout-web/assets/c1/d2e6a587-legacy.BiBn8rYw.js]
[www.ecomhubtheme.com/cdn/shopifycloud/checkout-web/assets/c1/4b77f49a-legacy.Dk9F8f-V.js]
[www.ecomhubtheme.com/cdn/shopifycloud/checkout-web/assets/c1/66338e00-legacy.2H9SzMuD.js]
[www.ecomhubtheme.com/cdn/shopifycloud/checkout-web/assets/c1/9c384ce8-legacy.C3DLBmP_.js]
[www.ecomhubtheme.com/cdn/shopifycloud/checkout-web/assets/c1/24fcbaf6-legacy.eE6-K97O.js]
[www.ecomhubtheme.com/cdn/shopifycloud/checkout-web/assets/c1/49758c58-legacy.BLTJlwwh.js]
[www.ecomhubtheme.com/cdn/shopifycloud/checkout-web/assets/c1/28ac86c0-legacy.UjAPesLq.js]
[www.ecomhubtheme.com/cdn/shopifycloud/checkout-web/assets/c1/3e6029dd-legacy.BEiU4GGK.js]
[www.ecomhubtheme.com/cdn/shopifycloud/checkout-web/assets/c1/30074413-legacy.CYniT1-F.js]
[www.ecomhubtheme.com/cdn/shopifycloud/checkout-web/assets/c1/9f57d2aa-legacy.tKveYPUB.js]
[www.ecomhubtheme.com/cdn/shopifycloud/checkout-web/assets/c1/8574876b-legacy.C74lMzyR.js]
[www.ecomhubtheme.com/cdn/shopifycloud/checkout-web/assets/c1/33d2e4fc-legacy.CEagpmJU.js]
[www.ecomhubtheme.com/cdn/shopifycloud/checkout-web/assets/c1/27f09e31-legacy.BkglOLSi.js]
[www.ecomhubtheme.com/cdn/shopifycloud/checkout-web/assets/c1/137622f3-legacy.D3_w3MVD.js]
[www.ecomhubtheme.com/cdn/shopifycloud/checkout-web/assets/c1/54bf0ebb-legacy.C8R4Dj5G.js]
[www.ecomhubtheme.com/cdn/shopifycloud/checkout-web/assets/c1/c610ba76-legacy.B2rrxHLX.js]
[www.ecomhubtheme.com/cdn/shopifycloud/checkout-web/assets/c1/2210eadb-legacy.CbrxxALo.js]
[www.ecomhubtheme.com/cdn/shopifycloud/checkout-web/assets/c1/33682ee7-legacy.DmsBv1IJ.js]
[www.ecomhubtheme.com/cdn/shopifycloud/checkout-web/assets/c1/sandbox.DNKTFXG1.worker.js]
[www.ecomhubtheme.com/cdn/shopifycloud/checkout-web/assets/c1/sandbox-2025-07.BNlrLTFV.worker.js]
[www.ecomhubtheme.com/cdn/shopifycloud/checkout-web/assets/c1/assets/previous-baseline.KDWseUlH.css]
[www.ecomhubtheme.com/cdn/shopifycloud/checkout-web/assets/c1/assets/helpers-baseline.eriaTAF0.css]
[www.ecomhubtheme.com/cdn/shopifycloud/checkout-web/assets/c1/assets/OnePage-baseline.sIh_ZBal.css]
[www.ecomhubtheme.com/cdn/shopifycloud/checkout-web/assets/c1/assets/VatNumberValidationField-baseline.EoaNXZ0U.css]
[www.ecomhubtheme.com/cdn/shopifycloud/checkout-web/assets/c1/assets/StickyPayButton-baseline.EZxIe2eB.css]
[www.ecomhubtheme.com/cdn/shopifycloud/checkout-web/assets/c1/assets/hasViolationsIgnoringCodes-baseline.8uMzMRUN.css]
[www.ecomhubtheme.com/cdn/shopifycloud/checkout-web/assets/c1/assets/Section-baseline.Bcgrzvng.css]
[www.ecomhubtheme.com/cdn/shopifycloud/checkout-web/assets/c1/assets/Rollup-baseline.9CMn7iLM.css]
[www.ecomhubtheme.com/cdn/shopifycloud/checkout-web/assets/c1/assets/PaymentIcon-baseline.PmYpTy2i.css]
[www.ecomhubtheme.com/cdn/shopifycloud/checkout-web/assets/c1/assets/useShopPayProgressIntercepts-baseline.UdAEA1GN.css]
[www.ecomhubtheme.com/cdn/shopifycloud/checkout-web/assets/c1/assets/Choice-baseline.gzPXXyFy.css]
[www.ecomhubtheme.com/cdn/shopifycloud/checkout-web/assets/c1/assets/PaymentLine-baseline.S1reXcL3.css]
[www.ecomhubtheme.com/cdn/shopifycloud/checkout-web/assets/c1/assets/BillingAddressForm-baseline.jkjtwu_V.css]
[www.ecomhubtheme.com/cdn/shopifycloud/checkout-web/assets/c1/assets/Switch-baseline.O_ZeZqfJ.css]
[www.ecomhubtheme.com/cdn/shopifycloud/checkout-web/assets/c1/assets/EmptyState-baseline.fwNl_uIB.css]
[www.ecomhubtheme.com/cdn/shopifycloud/checkout-web/assets/c1/assets/index-baseline.80JooC9H.css]
[www.ecomhubtheme.com/cdn/shopifycloud/checkout-web/assets/c1/assets/useShopPayButtonClassName-baseline.wtmFvPD5.css]
[www.ecomhubtheme.com/cdn/shopifycloud/checkout-web/assets/c1/assets/PhoneField-baseline.N9hX6Zu3.css]
[www.ecomhubtheme.com/cdn/shopifycloud/checkout-web/assets/c1/assets/Middot-baseline.lHcDGreU.css]
[www.ecomhubtheme.com/cdn/shopifycloud/checkout-web/assets/c1/assets/ShippingLines-baseline.RrL0h7rJ.css]
[www.ecomhubtheme.com/cdn/shopifycloud/checkout-web/assets/c1/assets/EstimatedDeliveryContent-baseline.TOOOkbrD.css]
[www.ecomhubtheme.com/cdn/shopifycloud/checkout-web/assets/c1/assets/TransitionHeight-baseline.rSY-r7ZQ.css]
[www.ecomhubtheme.com/cdn/shopifycloud/checkout-web/assets/c1/assets/BelowTheFoldContent-baseline.T-THk34r.css]
[www.ecomhubtheme.com/cdn/shopifycloud/checkout-web/assets/c1/assets/Captcha-baseline.MnCvwSQ9.css]
[www.ecomhubtheme.com/cdn/shopifycloud/checkout-web/assets/c1/assets/RememberMeSection-baseline.mZdJPZY9.css]
[www.ecomhubtheme.com/cdn/shopifycloud/checkout-web/assets/c1/assets/PayButtonSection-baseline.Aui2WPvz.css]
[www.ecomhubtheme.com/cdn/shopifycloud/checkout-web/assets/c1/assets/PaymentOptionSelector-baseline.CewbyU2C.css]
[www.ecomhubtheme.com/cdn/shopifycloud/checkout-web/assets/c1/assets/PaymentMethodProgressionHost-baseline.R9P6mpHy.css]
[www.ecomhubtheme.com/cdn/shopifycloud/checkout-web/assets/c1/assets/MobileOrderSummary-baseline.Gwj4iIhe.css]
[www.ecomhubtheme.com/cdn/shopifycloud/checkout-web/assets/c1/assets/PaymentButtons-baseline.AlZoPJFF.css]
[www.ecomhubtheme.com/cdn/shopifycloud/checkout-web/assets/c1/assets/Popover-baseline.ghX6U19X.css]
[www.ecomhubtheme.com/cdn/shopifycloud/checkout-web/assets/c1/assets/floating-layer-baseline.YVxM9I-9.css]
[www.ecomhubtheme.com/cdn/shopifycloud/checkout-web/assets/c1/assets/ShippingMethodSelector-baseline.nkFmN9aA.css]
[www.ecomhubtheme.com/cdn/shopifycloud/checkout-web/assets/c1/assets/SubscriptionPriceBreakdown-baseline.MMTIiETd.css]
[www.ecomhubtheme.com/cdn/shopifycloud/checkout-web/assets/c1/assets/MissingFields-baseline.yfH6caB-.css]
[www.ecomhubtheme.com/cdn/shopifycloud/checkout-web/assets/c1/assets/RedirectionNotice-baseline.3pJ5vAoD.css]
[www.ecomhubtheme.com/cdn/shopifycloud/checkout-web/assets/c1/assets/RuntimeExtension-baseline.HpWSiihS.css]
[www.ecomhubtheme.com/cdn/shopifycloud/checkout-web/assets/c1/assets/AnnouncementRuntimeExtensions-baseline.rcScVgGL.css]
[www.ecomhubtheme.com/cdn/shopifycloud/checkout-web/assets/c1/assets/QRCode-baseline.Kwys1B_4.css]
[www.ecomhubtheme.com/cdn/shopifycloud/checkout-web/assets/c1/assets/Pressable-baseline.YZCMg-Cz.css]
[www.ecomhubtheme.com/cdn/shopifycloud/checkout-web/assets/c1/assets/DateField-baseline.wIDeRzt2.css]
[www.ecomhubtheme.com/cdn/shopifycloud/checkout-web/assets/c1/assets/NumberField-baseline.oJ_hSYW2.css]
[cdn.shopify.com/shopifycloud/shop-js/modules/v2/client.init-shop-cart-sync_CxXkiBS5.en.esm.js]
[cdn.shopify.com/shopifycloud/shop-js/modules/v2/chunk.document_DMcRsBXN.esm.js]
[cdn.shopify.com/shopifycloud/shop-js/modules/v2/chunk.init_CKmzsHn0.esm.js]
[cdn.shopify.com/shopifycloud/shop-js/modules/v2/chunk.register_DxcYQGAB.esm.js]
[cdn.shopify.com/shopifycloud/shop-js/modules/v2/chunk.tslib-es6_CHHZATl5.esm.js]
[cdn.shopify.com/shopifycloud/shop-js/modules/v2/chunk.networkErrorMessages_DIkDbO6W.esm.js]
[cdn.shopify.com/shopifycloud/shop-js/modules/v2/client.shop-cart-sync_F0a1FKrr.en.esm.js]
[cdn.shopify.com/shopifycloud/shop-js/modules/v2/chunk.defineInitFunction_CIjOjzsO.esm.js]
[cdn.shopify.com/shopifycloud/shop-js/modules/v2/chunk.window_CAbVMZox.esm.js]
[cdn.shopify.com/shopifycloud/shop-js/modules/v2/chunk.casing_U_9x-Om3.esm.js]
[cdn.shopify.com/shopifycloud/shop-js/modules/v2/chunk.utils_CY1J4tRu.esm.js]
[cdn.shopify.com/shopifycloud/shop-js/modules/v2/chunk.v4_D2VNBPfk.esm.js]
[cdn.shopify.com/shopifycloud/shop-js/modules/v2/chunk.useUserRecognitionSignal_BInDc6t-.esm.js]
[cdn.shopify.com/shopifycloud/shop-js/modules/v2/chunk.storage_DQF5v-OM.esm.js]
[cdn.shopify.com/shopifycloud/shop-js/modules/v2/chunk.hooks_CD0yUNsZ.esm.js]
[cdn.shopify.com/shopifycloud/shop-js/modules/v2/chunk.authorize_WtTR8Xbh.esm.js]
[cdn.shopify.com/shopifycloud/shop-js/modules/v2/chunk.useEventListener_DwfHht74.esm.js]
[cdn.shopify.com/shopifycloud/shop-js/modules/v2/chunk.validators_09U1U9sZ.esm.js]
[www.ecomhubtheme.com/cdn/shopifycloud/storefront/assets/storefront/autosizes-84416378.js]
[cdn.shopify.com/shop-assets/static_uploads/shop-cash/checkout/coinDefault2x.png]
[applepay.cdn-apple.com/jsapi/1.latest/apple-pay-sdk.js]
[www.ecomhubtheme.com/cdn/shopifycloud/storefront/assets/shop_events_listener-4e26a9ce.js]
[www.ecomhubtheme.com/products/1-on-1-store-launch-customization.html]
[cdn.shopify.com/shopifycloud/shop-js/modules/v2/loader.payment-terms.en.esm.js]
[www.ecomhubtheme.com/cdn/shop/t/626/assets/section-main-productcc8c.css]
[www.ecomhubtheme.com/cdn/shop/t/626/assets/ehp-tst-carousel23be.css]
[www.ecomhubtheme.com/cdn/shop/t/626/assets/ehp-tt-tickera665.css]
[www.ecomhubtheme.com/cdn/shop/t/626/assets/ehp-tst-carousel1710.js]
[www.ecomhubtheme.com/cdn/shop/t/626/assets/component-accordione2a6.css]
[www.ecomhubtheme.com/cdn/shop/t/626/assets/component-sliderbf73.css]
[www.ecomhubtheme.com/cdn/shop/t/626/assets/component-rating5b6a.css]
[www.ecomhubtheme.com/cdn/shop/t/626/assets/component-deferred-media70b7.css]
[www.ecomhubtheme.com/cdn/shop/t/626/assets/product-info3d2b.js]
[www.ecomhubtheme.com/cdn/shop/t/626/assets/product-form5070.js]
[www.ecomhubtheme.com/cdn/shop/t/626/assets/component-pickup-availability01ed.css]
[www.ecomhubtheme.com/cdn/shop/t/626/assets/pickup-availability9801.js]
[www.ecomhubtheme.com/cdn/shop/t/626/assets/ehp-collapsibled3ba.js]
[www.ecomhubtheme.com/cdn/shop/t/626/assets/product-modal4dcd.js]
[www.ecomhubtheme.com/cdn/shop/t/626/assets/media-gallery7802.js]
[www.ecomhubtheme.com/cdn/shop/t/626/assets/ehp-bundle8888.css]
[www.ecomhubtheme.com/cdn/shop/t/626/assets/ehp-bundlefd4f.js]
[www.ecomhubtheme.com/cdn/shop/files/1_b01adf52-299f-4d09-afc2-35a69b11aa00ce52.png]
[www.ecomhubtheme.com/products/winning-dropshipping-products.oembed]
[www.ecomhubtheme.com/cdn/shop/files/1_b01adf52-299f-4d09-afc2-35a69b11aa007566.png]
[www.ecomhubtheme.com/cdn/shop/files/1_b01adf52-299f-4d09-afc2-35a69b11aa004f4e.png]
[www.ecomhubtheme.com/cdn/shop/files/1_b01adf52-299f-4d09-afc2-35a69b11aa007193.png]
[www.ecomhubtheme.com/cdn/shop/files/1_b01adf52-299f-4d09-afc2-35a69b11aa007d0e.png]
[www.ecomhubtheme.com/cdn/shop/files/1_b01adf52-299f-4d09-afc2-35a69b11aa008280.png]
[www.ecomhubtheme.com/cdn/shop/files/1_b01adf52-299f-4d09-afc2-35a69b11aa008238.png]
[www.ecomhubtheme.com/cdn/shop/files/1_b01adf52-299f-4d09-afc2-35a69b11aa001d34.png]
[www.ecomhubtheme.com/cdn/shop/files/1_b01adf52-299f-4d09-afc2-35a69b11aa00939b.png]
[www.ecomhubtheme.com/cdn/shop/files/1_b01adf52-299f-4d09-afc2-35a69b11aa0011e1.png]
[www.ecomhubtheme.com/cdn/shop/files/1_b01adf52-299f-4d09-afc2-35a69b11aa00ddf3.png]
[www.ecomhubtheme.com/cdn/shop/files/1_b01adf52-299f-4d09-afc2-35a69b11aa007996.png]
[www.ecomhubtheme.com/cdn/shop/files/1_b01adf52-299f-4d09-afc2-35a69b11aa00c742.png]
[www.ecomhubtheme.com/cdn/shop/files/1_b01adf52-299f-4d09-afc2-35a69b11aa001f40.png]
[www.ecomhubtheme.com/cdn/shop/files/1_b01adf52-299f-4d09-afc2-35a69b11aa009a10.png]
[www.ecomhubtheme.com/cdn/shop/files/2_ead97bf8-a204-47fe-af76-dd414c9393141f40.png]
[www.ecomhubtheme.com/cdn/shop/files/2_ead97bf8-a204-47fe-af76-dd414c939314ce52.png]
[www.ecomhubtheme.com/cdn/shop/files/2_ead97bf8-a204-47fe-af76-dd414c9393149a10.png]
[www.ecomhubtheme.com/cdn/shop/files/3_bda25418-cabe-42f2-95fa-a3e8764d1e081f40.png]
[www.ecomhubtheme.com/cdn/shop/files/3_bda25418-cabe-42f2-95fa-a3e8764d1e08ce52.png]
[www.ecomhubtheme.com/cdn/shop/files/3_bda25418-cabe-42f2-95fa-a3e8764d1e089a10.png]
[www.ecomhubtheme.com/products/winning-dropshipping-products.html]
[www.ecomhubtheme.com/cdn/shop/files/1_d6252691-b528-4988-ab49-8f322f465031d5b4.png]
[www.ecomhubtheme.com/products/winning-ad-creatives.oembed]
[www.ecomhubtheme.com/cdn/shop/files/1_d6252691-b528-4988-ab49-8f322f465031575e.png]
[www.ecomhubtheme.com/cdn/shop/files/1_d6252691-b528-4988-ab49-8f322f465031be1e.png]
[www.ecomhubtheme.com/cdn/shop/files/1_d6252691-b528-4988-ab49-8f322f465031bda4.png]
[www.ecomhubtheme.com/cdn/shop/files/1_d6252691-b528-4988-ab49-8f322f465031390d.png]
[www.ecomhubtheme.com/cdn/shop/files/1_d6252691-b528-4988-ab49-8f322f4650311530.png]
[www.ecomhubtheme.com/cdn/shop/files/1_d6252691-b528-4988-ab49-8f322f465031c32c.png]
[www.ecomhubtheme.com/cdn/shop/files/1_d6252691-b528-4988-ab49-8f322f465031da3f.png]
[www.ecomhubtheme.com/cdn/shop/files/1_d6252691-b528-4988-ab49-8f322f4650317ee0.png]
[www.ecomhubtheme.com/cdn/shop/files/1_d6252691-b528-4988-ab49-8f322f465031db58.png]
[www.ecomhubtheme.com/cdn/shop/files/1_d6252691-b528-4988-ab49-8f322f465031a913.png]
[www.ecomhubtheme.com/cdn/shop/files/1_d6252691-b528-4988-ab49-8f322f46503149bc.png]
[www.ecomhubtheme.com/cdn/shop/files/1_d6252691-b528-4988-ab49-8f322f4650312e09.png]
[www.ecomhubtheme.com/cdn/shop/files/1_d6252691-b528-4988-ab49-8f322f465031a50f.png]
[www.ecomhubtheme.com/cdn/shop/files/1_d6252691-b528-4988-ab49-8f322f4650319d6c.png]
[www.ecomhubtheme.com/cdn/shop/files/2_5923e0bb-8f3a-482e-a5ea-14df872c47a7c51f.png]
[www.ecomhubtheme.com/cdn/shop/files/2_5923e0bb-8f3a-482e-a5ea-14df872c47a76b6a.png]
[www.ecomhubtheme.com/cdn/shop/files/2_5923e0bb-8f3a-482e-a5ea-14df872c47a7fe15.png]
[www.ecomhubtheme.com/cdn/shop/files/3_7286e20a-02d0-4ad6-8082-51537b831b75c51f.png]
[www.ecomhubtheme.com/cdn/shop/files/3_7286e20a-02d0-4ad6-8082-51537b831b756b6a.png]
[www.ecomhubtheme.com/cdn/shop/files/3_7286e20a-02d0-4ad6-8082-51537b831b75fe15.png]
[www.ecomhubtheme.com/products/winning-ad-creatives.html]
[www.ecomhubtheme.com/cdn/shop/files/Untitled_design_4696fa0.png]
[www.ecomhubtheme.com/products/free-dropshipping-guide.oembed]
[www.ecomhubtheme.com/cdn/shop/files/Untitled_design_46956f7.png]
[www.ecomhubtheme.com/cdn/shop/files/Untitled_design_4694f45.png]
[www.ecomhubtheme.com/cdn/shop/files/Untitled_design_4695309.png]
[www.ecomhubtheme.com/cdn/shop/files/Untitled_design_469a558.png]
[www.ecomhubtheme.com/cdn/shop/files/Untitled_design_4690149.png]
[www.ecomhubtheme.com/cdn/shop/files/Untitled_design_469a184.png]
[www.ecomhubtheme.com/cdn/shop/files/Untitled_design_469b5ae.png]
[www.ecomhubtheme.com/cdn/shop/files/Untitled_design_4691834.png]
[www.ecomhubtheme.com/cdn/shop/files/Untitled_design_469ae2b.png]
[www.ecomhubtheme.com/cdn/shop/files/Untitled_design_469f2c1.png]
[www.ecomhubtheme.com/cdn/shop/files/Untitled_design_469adef.png]
[www.ecomhubtheme.com/cdn/shop/files/Untitled_design_4691cb6.png]
[www.ecomhubtheme.com/cdn/shop/files/Untitled_design_4693286.png]
[www.ecomhubtheme.com/cdn/shop/files/Untitled_design_469bc97.png]
[www.ecomhubtheme.com/cdn/shop/files/Untitled_design_469faac.png]
[www.ecomhubtheme.com/cdn/shop/files/Untitled_design_4697fe8.png]
[www.ecomhubtheme.com/cdn/shop/files/Untitled_design_469b5a2.png]
[www.ecomhubtheme.com/products/free-dropshipping-guide.html]
[www.ecomhubtheme.com/cdn/shop/files/Untitled_design_4529e71.png]
[www.ecomhubtheme.com/products/monthly-updates.oembed]
[www.ecomhubtheme.com/cdn/shop/files/Untitled_design_452321d.png]
[www.ecomhubtheme.com/cdn/shop/files/Untitled_design_452339c.png]
[www.ecomhubtheme.com/cdn/shop/files/Untitled_design_45201a0.png]
[www.ecomhubtheme.com/cdn/shop/files/Untitled_design_452ef84.png]
[www.ecomhubtheme.com/cdn/shop/files/Untitled_design_452b39c.png]
[www.ecomhubtheme.com/cdn/shop/files/Untitled_design_45247db.png]
[www.ecomhubtheme.com/cdn/shop/files/Untitled_design_452c917.png]
[www.ecomhubtheme.com/cdn/shop/files/Untitled_design_452b384.png]
[www.ecomhubtheme.com/cdn/shop/files/Untitled_design_452c841.png]
[www.ecomhubtheme.com/cdn/shop/files/Untitled_design_4526e96.png]
[www.ecomhubtheme.com/cdn/shop/files/Untitled_design_4526e14.png]
[www.ecomhubtheme.com/cdn/shop/files/Untitled_design_452bf02.png]
[www.ecomhubtheme.com/cdn/shop/files/STARTER_114ba5.png]
[www.ecomhubtheme.com/cdn/shop/files/growthstore707e.png]
[www.ecomhubtheme.com/cdn/shop/files/STARTER_104708.png]
[www.ecomhubtheme.com/cdn/shop/files/Untitled_design_452d540.png]
[www.ecomhubtheme.com/cdn/shop/files/Untitled_design_4520220.png]
[www.ecomhubtheme.com/cdn/shop/files/Untitled_design_452ddb2.png]
[www.ecomhubtheme.com/products/monthly-updates.html]
[www.ecomhubtheme.com/cdn/shop/t/626/assets/section-rich-textd49e.css]
[www.ecomhubtheme.com/cdn/shop/t/626/assets/ehp-dawn-autoplayb36a.js]
[www.ecomhubtheme.com/cdn/shop/t/626/assets/section-multicolumn890b.css]
[www.ecomhubtheme.com/cdn/shop/t/626/assets/collapsible-contentf158.css]
[www.ecomhubtheme.com/cdn/shop/t/626/assets/newsletter-section1d80.css]
[www.ecomhubtheme.com/cdn/shop/t/626/assets/component-product-variant-picker0b93.css]
[www.ecomhubtheme.com/cdn/shop/t/626/assets/component-swatch-input8529.css]
[www.ecomhubtheme.com/cdn/shop/t/626/assets/component-swatch7d8d.css]
[www.ecomhubtheme.com/cdn/shop/t/626/assets/section-contact-form33af.css]
[www.ecomhubtheme.com/cdn/shop/files/STARTER_11893c.png]
[www.ecomhubtheme.com/collections/all.atom]
[www.ecomhubtheme.com/cdn/shop/files/12123232305e16f.png]
[www.ecomhubtheme.com/cdn/shop/files/12123232305505b.png]
[www.ecomhubtheme.com/cdn/shop/files/12123232305c926.png]
[www.ecomhubtheme.com/cdn/shop/files/1212323230505c5.png]
[www.ecomhubtheme.com/cdn/shop/files/12123232305d920.png]
[www.ecomhubtheme.com/cdn/shop/files/12123232305e3da.png]
[www.ecomhubtheme.com/cdn/shop/files/STORES3977.png]
[www.ecomhubtheme.com/cdn/shop/files/STORESc2af.png]
[www.ecomhubtheme.com/cdn/shop/files/STORES978a.png]
[www.ecomhubtheme.com/cdn/shop/files/STORES8d14.png]
[www.ecomhubtheme.com/cdn/shop/files/STORES3995.png]
[www.ecomhubtheme.com/cdn/shop/files/STORESb351.png]
[www.ecomhubtheme.com/cdn/shop/files/Untitled_design_46970d5.png]
[www.ecomhubtheme.com/cdn/shop/files/Untitled_design_4690d01.png]
[www.ecomhubtheme.com/cdn/shop/files/Untitled_design_4699a76.png]
[www.ecomhubtheme.com/cdn/shop/files/Untitled_design_469bb66.png]
[www.ecomhubtheme.com/cdn/shop/files/Untitled_design_46981a9.png]
[www.ecomhubtheme.com/cdn/shop/files/Untitled_design_4693f29.png]
[www.ecomhubtheme.com/cdn/shop/files/6f482e4c-3990-4be3-bf83-569083c3b95d397a.png]
[www.ecomhubtheme.com/cdn/shop/files/6f482e4c-3990-4be3-bf83-569083c3b95dc13f.png]
[www.ecomhubtheme.com/cdn/shop/files/6f482e4c-3990-4be3-bf83-569083c3b95daffd.png]
[www.ecomhubtheme.com/cdn/shop/files/6f482e4c-3990-4be3-bf83-569083c3b95df745.png]
[www.ecomhubtheme.com/cdn/shop/files/6f482e4c-3990-4be3-bf83-569083c3b95db816.png]
[www.ecomhubtheme.com/cdn/shop/files/6f482e4c-3990-4be3-bf83-569083c3b95dce84.png]
[www.ecomhubtheme.com/cdn/shop/files/6f482e4c-3990-4be3-bf83-569083c3b95d48aa.png]
[www.ecomhubtheme.com/cdn/shop/files/Untitled_design_452c2a2.png]
[www.ecomhubtheme.com/cdn/shop/files/Untitled_design_452c6ca.png]
[www.ecomhubtheme.com/cdn/shop/files/Untitled_design_452eda4.png]
[www.ecomhubtheme.com/cdn/shop/files/Untitled_design_452fd8a.png]
[www.ecomhubtheme.com/cdn/shop/files/Untitled_design_4524f27.png]
[www.ecomhubtheme.com/cdn/shop/files/Untitled_design_452e3af.png]
[www.ecomhubtheme.com/cdn/shop/files/1_d6252691-b528-4988-ab49-8f322f4650312291.png]
[www.ecomhubtheme.com/cdn/shop/files/1_d6252691-b528-4988-ab49-8f322f4650311c60.png]
[www.ecomhubtheme.com/cdn/shop/files/1_d6252691-b528-4988-ab49-8f322f4650315f8e.png]
[www.ecomhubtheme.com/cdn/shop/files/1_d6252691-b528-4988-ab49-8f322f465031783e.png]
[www.ecomhubtheme.com/cdn/shop/files/1_d6252691-b528-4988-ab49-8f322f465031e16f.png]
[www.ecomhubtheme.com/cdn/shop/files/1_d6252691-b528-4988-ab49-8f322f4650312f54.png]
[www.ecomhubtheme.com/cdn/shop/files/1_b01adf52-299f-4d09-afc2-35a69b11aa00c0bf.png]
[www.ecomhubtheme.com/cdn/shop/files/1_b01adf52-299f-4d09-afc2-35a69b11aa001c91.png]
[www.ecomhubtheme.com/cdn/shop/files/1_b01adf52-299f-4d09-afc2-35a69b11aa008235.png]
[www.ecomhubtheme.com/cdn/shop/files/1_b01adf52-299f-4d09-afc2-35a69b11aa00688a.png]
[www.ecomhubtheme.com/cdn/shop/files/1_b01adf52-299f-4d09-afc2-35a69b11aa004202.png]
[www.ecomhubtheme.com/cdn/shop/files/1_b01adf52-299f-4d09-afc2-35a69b11aa00a970.png]
[www.ecomhubtheme.com/collections/all.html]
[www.ecomhubtheme.com/cdn/shop/files/1_4eba39b1-a0a4-4792-bc31-b602b8fc1e02573d.png]
[www.ecomhubtheme.com/cdn/shop/files/1_4eba39b1-a0a4-4792-bc31-b602b8fc1e02eb16.png]
[www.ecomhubtheme.com/cdn/shop/files/1_4eba39b1-a0a4-4792-bc31-b602b8fc1e027891.png]
[www.ecomhubtheme.com/cdn/shop/files/Untitled_design_450e310.png]
[www.ecomhubtheme.com/cdn/shop/files/Untitled_design_45086d5.png]
[www.ecomhubtheme.com/cdn/shop/files/Untitled_design_4502e51.png]
[www.ecomhubtheme.com/pages/explore-themes.html]
[cdn.shopify.com/extensions/8152e1b6-fae9-4912-83e8-aed922f95b1a/collabs-22/assets/application-page.css]
[www.ecomhubtheme.com/cdn/shopifycloud/checkout-web/assets/c1/assets/apay-logo-light.BOpRNbfJ.svg]
[www.ecomhubtheme.com/cdn/shopifycloud/checkout-web/assets/c1/assets/apay-logo.qbCmTpxR.svg]
[www.ecomhubtheme.com/cdn/shopifycloud/checkout-web/assets/c1/assets/applepay-logo-borderless-light.D4uI0NI6.svg]
[www.ecomhubtheme.com/cdn/shopifycloud/checkout-web/assets/c1/assets/applepay-logo-borderless.BpIqGUgE.svg]
[www.ecomhubtheme.com/cdn/shopifycloud/checkout-web/assets/c1/assets/applepay-logo.BVeJpuwf.svg]
[www.ecomhubtheme.com/cdn/shopifycloud/checkout-web/assets/c1/assets/bwp-logo-light.Be3NC6rq.svg]
[www.ecomhubtheme.com/cdn/shopifycloud/checkout-web/assets/c1/assets/bwp-logo.BRDn9X4f.svg]
[www.ecomhubtheme.com/cdn/shopifycloud/checkout-web/assets/c1/assets/gpay-logo-light.B_DsI0cq.svg]
[www.ecomhubtheme.com/cdn/shopifycloud/checkout-web/assets/c1/assets/gpay-logo.BbJVlra3.svg]
[www.ecomhubtheme.com/cdn/shopifycloud/checkout-web/assets/c1/assets/paypal-logo-light.Do6ddnMD.svg]
[www.ecomhubtheme.com/cdn/shopifycloud/checkout-web/assets/c1/assets/paypal-logo.Q2f7XzPy.svg]
[www.ecomhubtheme.com/cdn/shopifycloud/checkout-web/assets/c1/assets/shop-pay-logo-light.Ts-yoc2V.svg]
[www.ecomhubtheme.com/cdn/shopifycloud/checkout-web/assets/c1/assets/shop-pay-logo.yJ-5VMKh.svg]
[www.ecomhubtheme.com/cdn/shopifycloud/checkout-web/assets/c1/assets/venmo-logo-light.Nme_SAlP.svg]
[www.ecomhubtheme.com/cdn/shopifycloud/checkout-web/assets/c1/assets/venmo-logo.DabXQIZQ.svg]
[www.ecomhubtheme.com/cdn/shopifycloud/checkout-web/assets/c1/assets/afterpay.B5PfoQU9.svg]
[www.ecomhubtheme.com/cdn/shopifycloud/checkout-web/assets/c1/assets/amazon.Cc9asQL6.svg]
[www.ecomhubtheme.com/cdn/shopifycloud/checkout-web/assets/c1/assets/american_express.BegL5te2.svg]
[www.ecomhubtheme.com/cdn/shopifycloud/checkout-web/assets/c1/assets/apple_pay.DFPFV_0T.svg]
[www.ecomhubtheme.com/cdn/shopifycloud/checkout-web/assets/c1/assets/clearpay.DBDLtbZ-.svg]
[www.ecomhubtheme.com/cdn/shopifycloud/checkout-web/assets/c1/assets/diners_club.B9hVEmwz.svg]
[www.ecomhubtheme.com/cdn/shopifycloud/checkout-web/assets/c1/assets/discover.C7UbFpNb.svg]
[www.ecomhubtheme.com/cdn/shopifycloud/checkout-web/assets/c1/assets/elo.KvOdnY_5.svg]
[www.ecomhubtheme.com/cdn/shopifycloud/checkout-web/assets/c1/assets/generic.DDe0i13F.svg]
[www.ecomhubtheme.com/cdn/shopifycloud/checkout-web/assets/c1/assets/genericbank.DKx9YP0B.svg]
[www.ecomhubtheme.com/cdn/shopifycloud/checkout-web/assets/c1/assets/genericdark.D4Ir_HeI.svg]
[www.ecomhubtheme.com/cdn/shopifycloud/checkout-web/assets/c1/assets/gift-card.DrXqr62N.svg]
[www.ecomhubtheme.com/cdn/shopifycloud/checkout-web/assets/c1/assets/google_pay.DSJ8UlAr.svg]
[www.ecomhubtheme.com/cdn/shopifycloud/checkout-web/assets/c1/assets/jcb.BgZHqF0u.svg]
[www.ecomhubtheme.com/cdn/shopifycloud/checkout-web/assets/c1/assets/klarna.s27CILOb.svg]
[www.ecomhubtheme.com/cdn/shopifycloud/checkout-web/assets/c1/assets/maestro.ByfUQi1c.svg]
[www.ecomhubtheme.com/cdn/shopifycloud/checkout-web/assets/c1/assets/master.BggvWv9L.svg]
[www.ecomhubtheme.com/cdn/shopifycloud/checkout-web/assets/c1/assets/paypal.UcW4fzi6.svg]
[www.ecomhubtheme.com/cdn/shopifycloud/checkout-web/assets/c1/assets/shop_pay.BZ-ZdXDe.svg]
[www.ecomhubtheme.com/cdn/shopifycloud/checkout-web/assets/c1/assets/unionpay.8M-Boq_z.svg]
[www.ecomhubtheme.com/cdn/shopifycloud/checkout-web/assets/c1/assets/venmo.GqP0m6jb.svg]
[www.ecomhubtheme.com/cdn/shopifycloud/checkout-web/assets/c1/assets/visa.CjeXrSa5.svg]
[www.ecomhubtheme.com/cdn/shopifycloud/checkout-web/assets/c1/assets/payment.BidoBI-H.svg]
[www.ecomhubtheme.com/cdn/shopifycloud/checkout-web/assets/c1/assets/load.D9UyAKTL.html]
[cdn.shopify.com/shopifycloud/shop-js/modules/v2/chunk.reportAssetMetrics_DkLdKXjO.esm.js]
[cdn.shopify.com/shopifycloud/shop-js/modules/v2/client.payment-terms_BcEKb6uI.en.esm.js]
[cdn.shopify.com/shopifycloud/shop-js/modules/v2/chunk.hooks_hLsPWtrZ.esm.js]
[cdn.shopify.com/shopifycloud/shop-js/modules/v2/chunk.css_kOPxNFPM.esm.js]
[cdn.shopify.com/shopifycloud/shop-js/modules/v2/chunk.StyleProvider_8ZDRVjBJ.esm.js]
[cdn.shopify.com/shopifycloud/shop-js/modules/v2/chunk.ShopAppIcon_CMn2HxxX.esm.js]
[cdn.shopify.com/shopifycloud/shop-js/modules/v2/chunk.AuthorizeStateProvider_DqrtrnB1.esm.js]
[cdn.shopify.com/shopifycloud/shop-js/modules/v2/chunk.ShopIcon_CGDCAqPc.esm.js]
[cdn.shopify.com/shopifycloud/shop-js/modules/v2/chunk.Button_Zy9HiNGI.esm.js]
[cdn.shopify.com/shopifycloud/shop-js/modules/v2/chunk.I18n_KPbWrmwh.en.esm.js]
[cdn.shopify.com/shopifycloud/shop-js/modules/v2/chunk.colors_DaZ4JgHO.esm.js]
[cdn.shopify.com/shopifycloud/shop-js/modules/v2/chunk.constructCheckoutLink_BAzA4WiE.esm.js]
[cdn.shopify.com/shopifycloud/shop-js/modules/v2/chunk.context_IZTYG4gY.esm.js]
[cdn.shopify.com/shopifycloud/shop-js/modules/v2/chunk.PortalProvider_D1TsNKgX.esm.js]
[cdn.shopify.com/shopifycloud/shop-js/modules/v2/chunk.debounce_C-IIq26m.esm.js]
[www.ecomhubtheme.com/cdn/shop/t/626/assets/ehp-subscription87c2.js]
[www.ecomhubtheme.com/cdn/shopifycloud/storefront/assets/storefront/policy-0e156355.css]
[www.ecomhubtheme.com/products/ecomhub-pro-dropshipping-store5ffa.html]
[www.ecomhubtheme.com/cdn/shop/t/626/assets/component-collection-herof349.css]
[www.ecomhubtheme.com/cdn/shop/t/626/assets/template-collectionf259.css]
[www.ecomhubtheme.com/cdn/shop/t/626/assets/component-facetsa3f2.css]
[www.ecomhubtheme.com/cdn/shop/t/626/assets/facets351f.js]
[www.ecomhubtheme.com/cdn/shop/t/626/assets/component-show-more7973.css]
[www.ecomhubtheme.com/cdn/shop/t/626/assets/show-more3c6b.js]
[www.ecomhubtheme.com/cdn/shop/t/626/assets/component-volume-pricingad70.css]
[www.ecomhubtheme.com/cdn/shop/t/626/assets/quick-order-listd45a.css]
[www.ecomhubtheme.com/products/free-dropshipping-guide-for-discord.oembed]
[www.ecomhubtheme.com/cdn/shop/files/6f482e4c-3990-4be3-bf83-569083c3b95da343.png]
[www.ecomhubtheme.com/cdn/shop/files/6f482e4c-3990-4be3-bf83-569083c3b95d0688.png]
[www.ecomhubtheme.com/cdn/shop/files/6f482e4c-3990-4be3-bf83-569083c3b95dac5c.png]
[www.ecomhubtheme.com/cdn/shop/files/6f482e4c-3990-4be3-bf83-569083c3b95daff9.png]
[www.ecomhubtheme.com/cdn/shop/files/6f482e4c-3990-4be3-bf83-569083c3b95db3ee.png]
[www.ecomhubtheme.com/cdn/shop/files/6f482e4c-3990-4be3-bf83-569083c3b95d4c93.png]
[www.ecomhubtheme.com/cdn/shop/files/6f482e4c-3990-4be3-bf83-569083c3b95dffc7.png]
[www.ecomhubtheme.com/cdn/shop/files/6f482e4c-3990-4be3-bf83-569083c3b95d0959.png]
[www.ecomhubtheme.com/cdn/shop/files/6f482e4c-3990-4be3-bf83-569083c3b95d27b2.png]
[www.ecomhubtheme.com/cdn/shop/files/6f482e4c-3990-4be3-bf83-569083c3b95d4feb.png]
[www.ecomhubtheme.com/cdn/shop/files/6f482e4c-3990-4be3-bf83-569083c3b95d31e5.png]
[www.ecomhubtheme.com/cdn/shop/files/6f482e4c-3990-4be3-bf83-569083c3b95ddb8f.png]
[www.ecomhubtheme.com/cdn/shop/files/6f482e4c-3990-4be3-bf83-569083c3b95d5da3.png]
[www.ecomhubtheme.com/cdn/shop/files/6f482e4c-3990-4be3-bf83-569083c3b95d37e7.png]
[www.ecomhubtheme.com/products/free-dropshipping-guide-for-discord.html]
[www.ecomhubtheme.com/cdn/shop/t/626/assets/ehp-pricing-tablea7b6.css]
[www.ecomhubtheme.com/products/monthly-updatesf233.html]
